▲ Next.js 16.2.9 (Turbopack)
- Local:         http://localhost:3030
- Network:       http://192.168.1.9:3030
- Environments: .env.local
✓ Ready in 1988ms

[browser] ./components/VideoStudio.tsx:328:7
Expected ',', got '{'
  326 |       </div>
  327 |
> 328 |       {/* Jobs list */}
      |       ^
  329 |       {jobs.length > 0 && (
  330 |         <div className="space-y-3">
  331 |           <div className="flex items-center justify-between">

Parsing ecmascript source code failed

Import trace:
  Server Component:
    ./components/VideoStudio.tsx
    ./app/creativos/page.tsx 
[browser] ./components/VideoStudio.tsx:328:7
Expected ',', got '{'
  326 |       </div>
  327 |
> 328 |       {/* Jobs list */}
      |       ^
  329 |       {jobs.length > 0 && (
  330 |         <div className="space-y-3">
  331 |           <div className="flex items-center justify-between">

Parsing ecmascript source code failed

Import trace:
  Server Component:
    ./components/VideoStudio.tsx
    ./app/creativos/page.tsx 
⨯ ./components/VideoStudio.tsx:328:7
Expected ',', got '{'
  [90m326 |[0m       </div>
  [90m327 |[0m
[31m[1m>[0m [90m328 |[0m       {[90m/* Jobs list */[0m}
  [90m    |[0m       [31m[1m^[0m
  [90m329 |[0m       {jobs.length > [35m0[0m && (
  [90m330 |[0m         <div className=[32m"space-y-3"[0m>
  [90m331 |[0m           <div className=[32m"flex items-center justify-between"[0m>

Parsing ecmascript source code failed

Import trace:
  Server Component:
    ./components/VideoStudio.tsx
    ./app/creativos/page.tsx


 GET /creativos 500 in 2.3s (next.js: 1290ms, application-code: 964ms)
[browser] Uncaught Error: ./components/VideoStudio.tsx:328:7
Expected ',', got '{'
  326 |       </div>
  327 |
> 328 |       {/* Jobs list */}
      |       ^
  329 |       {jobs.length > 0 && (
  330 |         <div className="space-y-3">
  331 |           <div className="flex items-center justify-between">

Parsing ecmascript source code failed

Import trace:
  Server Component:
    ./components/VideoStudio.tsx
    ./app/creativos/page.tsx


    at <unknown> (Error: ./components/VideoStudio.tsx:328:7)
    at <unknown> (Error: (./components/VideoStudio.tsx:328:7)
⨯ ./components/VideoStudio.tsx:328:7
Expected ',', got '{'
  [90m326 |[0m       </div>
  [90m327 |[0m
[31m[1m>[0m [90m328 |[0m       {[90m/* Jobs list */[0m}
  [90m    |[0m       [31m[1m^[0m
  [90m329 |[0m       {jobs.length > [35m0[0m && (
  [90m330 |[0m         <div className=[32m"space-y-3"[0m>
  [90m331 |[0m           <div className=[32m"flex items-center justify-between"[0m>

Parsing ecmascript source code failed

Import trace:
  Server Component:
    ./components/VideoStudio.tsx
    ./app/creativos/page.tsx


 GET /creativos 500 in 121ms (next.js: 67ms, application-code: 54ms)
✓ Compiled in 4.1s
 GET /creativos 200 in 2.6s (next.js: 886ms, application-code: 1726ms)
 GET /api/creativos/jobs 200 in 434ms (next.js: 305ms, application-code: 129ms)
 GET /creativos 200 in 385ms (next.js: 15ms, application-code: 370ms)
 GET /creativos 200 in 594ms (next.js: 54ms, application-code: 540ms)
 GET /api/creativos/jobs 200 in 28ms (next.js: 8ms, application-code: 20ms)
 GET /creativos 200 in 1357ms (next.js: 160ms, application-code: 1197ms)
 GET /creativos 200 in 1181ms (next.js: 23ms, application-code: 1159ms)
 GET /creativos 200 in 928ms (next.js: 538ms, application-code: 391ms)
 GET /creativos 200 in 932ms (next.js: 363ms, application-code: 569ms)
 GET /creativos 200 in 936ms (next.js: 182ms, application-code: 754ms)
 GET /creativos 200 in 940ms (next.js: 23ms, application-code: 917ms)
 GET /creativos 200 in 1057ms (next.js: 10ms, application-code: 1047ms)
 GET /creativos 200 in 1099ms (next.js: 22ms, application-code: 1076ms)
 GET /creativos 200 in 919ms (next.js: 18ms, application-code: 901ms)
 GET /creativos 200 in 919ms (next.js: 191ms, application-code: 728ms)
 GET /creativos 200 in 921ms (next.js: 362ms, application-code: 559ms)
 GET /creativos 200 in 920ms (next.js: 497ms, application-code: 423ms)
 GET /creativos 200 in 775ms (next.js: 16ms, application-code: 759ms)
 GET /creativos 200 in 709ms (next.js: 14ms, application-code: 694ms)
 GET /creativos 200 in 562ms (next.js: 303ms, application-code: 259ms)
 GET /creativos 200 in 565ms (next.js: 208ms, application-code: 357ms)
 GET /creativos 200 in 569ms (next.js: 15ms, application-code: 554ms)
 GET /creativos 200 in 572ms (next.js: 94ms, application-code: 479ms)
 GET /creativos 200 in 1032ms (next.js: 9ms, application-code: 1024ms)
 GET /creativos 200 in 1063ms (next.js: 21ms, application-code: 1042ms)
 GET /creativos 200 in 897ms (next.js: 367ms, application-code: 530ms)
 GET /creativos 200 in 900ms (next.js: 17ms, application-code: 884ms)
 GET /creativos 200 in 897ms (next.js: 481ms, application-code: 416ms)
 GET /creativos 200 in 901ms (next.js: 170ms, application-code: 731ms)
 GET /creativos 200 in 913ms (next.js: 18ms, application-code: 895ms)
 GET /creativos 200 in 864ms (next.js: 14ms, application-code: 849ms)
 GET /creativos 200 in 738ms (next.js: 15ms, application-code: 723ms)
 GET /creativos 200 in 740ms (next.js: 159ms, application-code: 580ms)
 GET /creativos 200 in 881ms (next.js: 277ms, application-code: 604ms)
 GET /creativos 200 in 624ms (next.js: 132ms, application-code: 492ms)
 GET /creativos 200 in 828ms (next.js: 13ms, application-code: 815ms)
 GET /creativos 200 in 839ms (next.js: 12ms, application-code: 827ms)
 GET /creativos 200 in 703ms (next.js: 13ms, application-code: 690ms)
 GET /creativos 200 in 569ms (next.js: 32ms, application-code: 537ms)
 GET /creativos 200 in 736ms (next.js: 157ms, application-code: 579ms)
 GET /creativos 200 in 530ms (next.js: 9ms, application-code: 522ms)
 GET /creativos 200 in 1065ms (next.js: 14ms, application-code: 1052ms)
 GET /creativos 200 in 915ms (next.js: 13ms, application-code: 902ms)
 GET /creativos 200 in 892ms (next.js: 19ms, application-code: 873ms)
 GET /creativos 200 in 876ms (next.js: 20ms, application-code: 856ms)
 GET /creativos 200 in 879ms (next.js: 172ms, application-code: 706ms)
 GET /creativos 200 in 759ms (next.js: 33ms, application-code: 726ms)
 GET /creativos 200 in 920ms (next.js: 14ms, application-code: 907ms)
 GET /creativos 200 in 776ms (next.js: 19ms, application-code: 757ms)
 GET /creativos 200 in 753ms (next.js: 23ms, application-code: 730ms)
 GET /creativos 200 in 564ms (next.js: 15ms, application-code: 549ms)
 GET /creativos 200 in 704ms (next.js: 145ms, application-code: 558ms)
 GET /creativos 200 in 728ms (next.js: 13ms, application-code: 714ms)
 GET /creativos 200 in 873ms (next.js: 11ms, application-code: 862ms)
 GET /creativos 200 in 731ms (next.js: 18ms, application-code: 713ms)
 GET /creativos 200 in 729ms (next.js: 151ms, application-code: 578ms)
 GET /creativos 200 in 606ms (next.js: 16ms, application-code: 590ms)
 GET /creativos 200 in 625ms (next.js: 17ms, application-code: 608ms)
 GET /creativos 200 in 888ms (next.js: 10ms, application-code: 877ms)
 GET /creativos 200 in 1077ms (next.js: 13ms, application-code: 1064ms)
 GET /creativos 200 in 930ms (next.js: 164ms, application-code: 766ms)
 GET /creativos 200 in 936ms (next.js: 13ms, application-code: 923ms)
 GET /creativos 200 in 749ms (next.js: 32ms, application-code: 717ms)
 GET /creativos 200 in 561ms (next.js: 17ms, application-code: 544ms)
 GET /creativos 200 in 529ms (next.js: 14ms, application-code: 515ms)
 GET /creativos 200 in 313ms (next.js: 21ms, application-code: 292ms)
 GET /creativos 200 in 167ms (next.js: 12ms, application-code: 155ms)
✓ Compiled in 1050ms
 GET /api/creativos/jobs 200 in 240ms (next.js: 215ms, application-code: 25ms)
 GET /creativos 200 in 753ms (next.js: 172ms, application-code: 581ms)
 GET /creativos 200 in 450ms (next.js: 249ms, application-code: 201ms)
✓ Compiled in 1253ms
 GET /creativos 200 in 1055ms (next.js: 134ms, application-code: 921ms)
 GET /creativos 200 in 912ms (next.js: 27ms, application-code: 885ms)
 GET /creativos 200 in 742ms (next.js: 53ms, application-code: 689ms)
 GET /creativos 200 in 742ms (next.js: 421ms, application-code: 320ms)
 GET /creativos 200 in 746ms (next.js: 315ms, application-code: 431ms)
 GET /creativos 200 in 744ms (next.js: 527ms, application-code: 217ms)
 GET /creativos 200 in 123ms (next.js: 10ms, application-code: 113ms)
✓ Compiled in 248ms
 GET /creativos 200 in 371ms (next.js: 237ms, application-code: 133ms)
✓ Compiled in 192ms
 GET /creativos 200 in 251ms (next.js: 139ms, application-code: 112ms)
 GET /creativos 200 in 571ms (next.js: 13ms, application-code: 558ms)
 GET /creativos 200 in 372ms (next.js: 19ms, application-code: 353ms)
 GET /api/creativos/jobs 200 in 109ms (next.js: 81ms, application-code: 28ms)
⚠ Found a change in next.config.ts. Restarting the server to apply the changes...
▲ Next.js 16.2.9 (Turbopack)
- Local:         http://localhost:3030
- Network:       http://192.168.1.9:3030
- Environments: .env.local
✓ Ready in 551ms

 GET /creativos 200 in 537ms (next.js: 308ms, application-code: 230ms)
 GET /creativos 200 in 75ms (next.js: 6ms, application-code: 69ms)
 GET /api/creativos/jobs 200 in 110ms (next.js: 86ms, application-code: 25ms)
 GET /api/creativos/jobs 200 in 16ms (next.js: 6ms, application-code: 10ms)
✓ Compiled in 618ms
 GET /creativos 200 in 1967ms (next.js: 102ms, application-code: 1865ms)
 GET /creativos 200 in 1699ms (next.js: 145ms, application-code: 1555ms)
 GET /creativos 200 in 1706ms (next.js: 19ms, application-code: 1687ms)
 GET /creativos 200 in 1666ms (next.js: 22ms, application-code: 1644ms)
 GET /creativos 200 in 1665ms (next.js: 160ms, application-code: 1506ms)
 GET /creativos 200 in 1661ms (next.js: 427ms, application-code: 1235ms)
 GET /creativos 200 in 1665ms (next.js: 289ms, application-code: 1376ms)
 GET /creativos 200 in 1672ms (next.js: 615ms, application-code: 1057ms)
 GET /creativos 200 in 951ms (next.js: 17ms, application-code: 934ms)
 GET /creativos 200 in 1381ms (next.js: 13ms, application-code: 1368ms)
 GET /creativos 200 in 1481ms (next.js: 14ms, application-code: 1467ms)
 GET /creativos 200 in 1492ms (next.js: 27ms, application-code: 1465ms)
 GET /creativos 200 in 1367ms (next.js: 23ms, application-code: 1344ms)
 GET /creativos 200 in 1269ms (next.js: 13ms, application-code: 1256ms)
 GET /creativos 200 in 1269ms (next.js: 93ms, application-code: 1176ms)
 GET /creativos 200 in 1201ms (next.js: 12ms, application-code: 1189ms)
 GET /creativos 200 in 1201ms (next.js: 59ms, application-code: 1142ms)
 GET /creativos 200 in 1201ms (next.js: 158ms, application-code: 1042ms)
 GET /creativos 200 in 1200ms (next.js: 356ms, application-code: 844ms)
 GET /creativos 200 in 736ms (next.js: 15ms, application-code: 721ms)
 GET /creativos 200 in 764ms (next.js: 15ms, application-code: 749ms)
 GET /creativos 200 in 606ms (next.js: 17ms, application-code: 590ms)
 GET /creativos 200 in 647ms (next.js: 10ms, application-code: 637ms)
 GET /creativos 200 in 605ms (next.js: 5ms, application-code: 600ms)
 GET /creativos 200 in 664ms (next.js: 8ms, application-code: 657ms)
 GET /creativos 200 in 611ms (next.js: 5ms, application-code: 606ms)
 GET /creativos 200 in 573ms (next.js: 8ms, application-code: 565ms)
 GET /creativos 200 in 575ms (next.js: 44ms, application-code: 531ms)
 GET /creativos 200 in 576ms (next.js: 7ms, application-code: 568ms)
 GET /creativos 200 in 622ms (next.js: 81ms, application-code: 541ms)
 GET /creativos 200 in 623ms (next.js: 129ms, application-code: 494ms)
 GET /creativos 200 in 499ms (next.js: 7ms, application-code: 492ms)
 GET /creativos 200 in 591ms (next.js: 7ms, application-code: 585ms)
 GET /creativos 200 in 628ms (next.js: 5ms, application-code: 623ms)
 GET /creativos 200 in 579ms (next.js: 11ms, application-code: 568ms)
 GET /creativos 200 in 524ms (next.js: 6ms, application-code: 518ms)
 GET /creativos 200 in 710ms (next.js: 6ms, application-code: 704ms)
 GET /creativos 200 in 709ms (next.js: 49ms, application-code: 660ms)
 GET /creativos 200 in 620ms (next.js: 7ms, application-code: 613ms)
 GET /creativos 200 in 632ms (next.js: 7ms, application-code: 625ms)
 GET /creativos 200 in 632ms (next.js: 47ms, application-code: 585ms)
 GET /creativos 200 in 1283ms (next.js: 89ms, application-code: 1195ms)
 GET /creativos 200 in 1173ms (next.js: 46ms, application-code: 1127ms)
 GET /creativos 200 in 1188ms (next.js: 7ms, application-code: 1180ms)
 GET /creativos 200 in 2.2s (next.js: 6ms, application-code: 2.2s)
 GET /creativos 200 in 2.1s (next.js: 6ms, application-code: 2.1s)
 GET /creativos 200 in 3.0s (next.js: 7ms, application-code: 3.0s)
 GET /creativos 200 in 3.0s (next.js: 8ms, application-code: 3.0s)
 GET /creativos 200 in 3.2s (next.js: 7ms, application-code: 3.2s)
 GET /creativos 200 in 3.2s (next.js: 61ms, application-code: 3.1s)
 GET /creativos 200 in 3.2s (next.js: 7ms, application-code: 3.2s)
 GET /creativos 200 in 2.7s (next.js: 62ms, application-code: 2.6s)
 GET /creativos 200 in 2.7s (next.js: 741ms, application-code: 1950ms)
 GET /creativos 200 in 1845ms (next.js: 14ms, application-code: 1831ms)
 GET /creativos 200 in 2.2s (next.js: 200ms, application-code: 2.0s)
 GET /creativos 200 in 2.1s (next.js: 448ms, application-code: 1636ms)
 GET /creativos 200 in 1372ms (next.js: 49ms, application-code: 1323ms)
 GET /creativos 200 in 1362ms (next.js: 13ms, application-code: 1350ms)
 GET /creativos 200 in 1366ms (next.js: 8ms, application-code: 1358ms)
 GET /creativos 200 in 998ms (next.js: 67ms, application-code: 931ms)
 GET /creativos 200 in 925ms (next.js: 99ms, application-code: 826ms)
 GET /creativos 200 in 925ms (next.js: 144ms, application-code: 781ms)
 GET /creativos 200 in 747ms (next.js: 8ms, application-code: 739ms)
 GET /creativos 200 in 853ms (next.js: 7ms, application-code: 846ms)
 GET /creativos 200 in 854ms (next.js: 61ms, application-code: 792ms)
 GET /creativos 200 in 683ms (next.js: 7ms, application-code: 676ms)
 GET /creativos 200 in 754ms (next.js: 8ms, application-code: 746ms)
 GET /creativos 200 in 755ms (next.js: 148ms, application-code: 607ms)
 GET /creativos 200 in 654ms (next.js: 7ms, application-code: 648ms)
 GET /creativos 200 in 623ms (next.js: 6ms, application-code: 617ms)
 GET /creativos 200 in 814ms (next.js: 6ms, application-code: 808ms)
 GET /creativos 200 in 815ms (next.js: 152ms, application-code: 662ms)
 GET /creativos 200 in 816ms (next.js: 110ms, application-code: 706ms)
 GET /creativos 200 in 712ms (next.js: 18ms, application-code: 694ms)
 GET /creativos 200 in 660ms (next.js: 7ms, application-code: 653ms)
 GET /creativos 200 in 837ms (next.js: 5ms, application-code: 832ms)
 GET /creativos 200 in 837ms (next.js: 44ms, application-code: 793ms)
 GET /creativos 200 in 807ms (next.js: 5ms, application-code: 802ms)
 GET /creativos 200 in 846ms (next.js: 7ms, application-code: 840ms)
 GET /creativos 200 in 846ms (next.js: 45ms, application-code: 801ms)
 GET /creativos 200 in 1365ms (next.js: 5ms, application-code: 1360ms)
 GET /creativos 200 in 1204ms (next.js: 13ms, application-code: 1191ms)
 GET /creativos 200 in 1176ms (next.js: 6ms, application-code: 1169ms)
 GET /creativos 200 in 1089ms (next.js: 45ms, application-code: 1043ms)
 GET /creativos 200 in 1090ms (next.js: 6ms, application-code: 1084ms)
 GET /creativos 200 in 1012ms (next.js: 7ms, application-code: 1006ms)
 GET /creativos 200 in 1074ms (next.js: 7ms, application-code: 1068ms)
 GET /creativos 200 in 1247ms (next.js: 6ms, application-code: 1241ms)
 GET /creativos 200 in 1251ms (next.js: 47ms, application-code: 1205ms)
 GET /creativos 200 in 1169ms (next.js: 6ms, application-code: 1163ms)
 GET /creativos 200 in 1426ms (next.js: 269ms, application-code: 1157ms)
 GET /creativos 200 in 1433ms (next.js: 12ms, application-code: 1421ms)
 GET /creativos 200 in 1105ms (next.js: 7ms, application-code: 1098ms)
 GET /creativos 200 in 1114ms (next.js: 6ms, application-code: 1108ms)
 GET /creativos 200 in 1057ms (next.js: 110ms, application-code: 946ms)
 GET /creativos 200 in 1153ms (next.js: 14ms, application-code: 1139ms)
 GET /creativos 200 in 1141ms (next.js: 113ms, application-code: 1028ms)
 GET /creativos 200 in 1145ms (next.js: 13ms, application-code: 1131ms)
 GET /creativos 200 in 1023ms (next.js: 109ms, application-code: 914ms)
 GET /creativos 200 in 1027ms (next.js: 18ms, application-code: 1009ms)
 GET /creativos 200 in 1121ms (next.js: 107ms, application-code: 1014ms)
 GET /creativos 200 in 1025ms (next.js: 118ms, application-code: 908ms)
 GET /creativos 200 in 838ms (next.js: 8ms, application-code: 830ms)
 GET /creativos 200 in 838ms (next.js: 57ms, application-code: 780ms)
 GET /creativos 200 in 898ms (next.js: 5ms, application-code: 893ms)
 GET /creativos 200 in 899ms (next.js: 104ms, application-code: 795ms)
 GET /creativos 200 in 751ms (next.js: 5ms, application-code: 746ms)
 GET /creativos 200 in 609ms (next.js: 13ms, application-code: 596ms)
 GET /creativos 200 in 535ms (next.js: 18ms, application-code: 517ms)
 GET /creativos 200 in 534ms (next.js: 113ms, application-code: 421ms)
 GET /creativos 200 in 415ms (next.js: 8ms, application-code: 407ms)
 GET /creativos 200 in 415ms (next.js: 47ms, application-code: 368ms)
 GET /creativos 200 in 361ms (next.js: 9ms, application-code: 351ms)
 GET /creativos 200 in 359ms (next.js: 37ms, application-code: 321ms)
 GET /creativos 200 in 336ms (next.js: 46ms, application-code: 291ms)
 GET /creativos 200 in 338ms (next.js: 6ms, application-code: 331ms)
 GET /creativos 200 in 368ms (next.js: 4ms, application-code: 364ms)
 GET /creativos 200 in 345ms (next.js: 5ms, application-code: 341ms)
 GET /creativos 200 in 312ms (next.js: 5ms, application-code: 307ms)
 GET /creativos 200 in 312ms (next.js: 32ms, application-code: 280ms)
 GET /creativos 200 in 284ms (next.js: 3ms, application-code: 281ms)
 GET /creativos 200 in 294ms (next.js: 5ms, application-code: 290ms)
 GET /creativos 200 in 340ms (next.js: 4ms, application-code: 336ms)
 GET /creativos 200 in 341ms (next.js: 27ms, application-code: 314ms)
 GET /creativos 200 in 292ms (next.js: 12ms, application-code: 280ms)
 GET /creativos 200 in 285ms (next.js: 34ms, application-code: 251ms)
 GET /creativos 200 in 229ms (next.js: 4ms, application-code: 225ms)
 GET /creativos 200 in 324ms (next.js: 3ms, application-code: 321ms)
 GET /creativos 200 in 368ms (next.js: 3ms, application-code: 365ms)
 GET /creativos 200 in 374ms (next.js: 4ms, application-code: 370ms)
 GET /creativos 200 in 346ms (next.js: 4ms, application-code: 342ms)
 GET /creativos 200 in 322ms (next.js: 12ms, application-code: 311ms)
 GET /creativos 200 in 340ms (next.js: 28ms, application-code: 313ms)
 GET /creativos 200 in 325ms (next.js: 3ms, application-code: 322ms)
 GET /creativos 200 in 413ms (next.js: 32ms, application-code: 380ms)
 GET /creativos 200 in 414ms (next.js: 5ms, application-code: 409ms)
 GET /creativos 200 in 357ms (next.js: 35ms, application-code: 323ms)
 GET /creativos 200 in 358ms (next.js: 5ms, application-code: 353ms)
 GET /creativos 200 in 327ms (next.js: 12ms, application-code: 315ms)
 GET /creativos 200 in 293ms (next.js: 5ms, application-code: 288ms)
 GET /creativos 200 in 278ms (next.js: 5ms, application-code: 273ms)
 GET /creativos 200 in 246ms (next.js: 5ms, application-code: 241ms)
 GET /creativos 200 in 218ms (next.js: 5ms, application-code: 214ms)
 GET /creativos 200 in 186ms (next.js: 6ms, application-code: 181ms)
 GET /creativos 200 in 145ms (next.js: 5ms, application-code: 140ms)
 GET /creativos 200 in 106ms (next.js: 5ms, application-code: 101ms)
 GET /creativos 200 in 69ms (next.js: 5ms, application-code: 64ms)
 GET /creativos 200 in 365ms (next.js: 31ms, application-code: 334ms)
 GET /creativos 200 in 374ms (next.js: 112ms, application-code: 262ms)
 GET /creativos 200 in 342ms (next.js: 129ms, application-code: 213ms)
 GET /creativos 200 in 344ms (next.js: 57ms, application-code: 287ms)
 GET /creativos 200 in 374ms (next.js: 134ms, application-code: 240ms)
 GET /creativos 200 in 356ms (next.js: 44ms, application-code: 312ms)
 GET /creativos 200 in 374ms (next.js: 188ms, application-code: 186ms)
 GET /creativos 200 in 313ms (next.js: 4ms, application-code: 309ms)
 GET /creativos 200 in 334ms (next.js: 3ms, application-code: 331ms)
 GET /creativos 200 in 396ms (next.js: 4ms, application-code: 392ms)
 GET /creativos 200 in 478ms (next.js: 4ms, application-code: 475ms)
 GET /creativos 200 in 564ms (next.js: 5ms, application-code: 559ms)
 GET /creativos 200 in 780ms (next.js: 29ms, application-code: 751ms)
 GET /creativos 200 in 784ms (next.js: 6ms, application-code: 777ms)
 GET /creativos 200 in 783ms (next.js: 77ms, application-code: 706ms)
 GET /creativos 200 in 784ms (next.js: 53ms, application-code: 731ms)
 GET /creativos 200 in 784ms (next.js: 109ms, application-code: 675ms)
 GET /creativos 200 in 787ms (next.js: 139ms, application-code: 648ms)
 GET /creativos 200 in 751ms (next.js: 116ms, application-code: 635ms)
 GET /creativos 200 in 1335ms (next.js: 15ms, application-code: 1320ms)
 GET /creativos 200 in 1637ms (next.js: 16ms, application-code: 1621ms)
 GET /creativos 200 in 1536ms (next.js: 15ms, application-code: 1521ms)
 GET /creativos 200 in 1520ms (next.js: 14ms, application-code: 1506ms)
 GET /creativos 200 in 1499ms (next.js: 9ms, application-code: 1490ms)
 GET /creativos 200 in 1552ms (next.js: 20ms, application-code: 1532ms)
 GET /creativos 200 in 1429ms (next.js: 469ms, application-code: 960ms)
 GET /creativos 200 in 1547ms (next.js: 232ms, application-code: 1315ms)
 GET /creativos 200 in 1548ms (next.js: 361ms, application-code: 1186ms)
 GET /creativos 200 in 1552ms (next.js: 135ms, application-code: 1417ms)
 GET /creativos 200 in 1432ms (next.js: 560ms, application-code: 873ms)
 GET /creativos 200 in 820ms (next.js: 30ms, application-code: 790ms)
 GET /creativos 200 in 1406ms (next.js: 12ms, application-code: 1394ms)
 GET /creativos 200 in 1379ms (next.js: 17ms, application-code: 1362ms)
 GET /creativos 200 in 1285ms (next.js: 11ms, application-code: 1274ms)
 GET /creativos 200 in 1284ms (next.js: 11ms, application-code: 1273ms)
 GET /creativos 200 in 1451ms (next.js: 16ms, application-code: 1435ms)
 GET /creativos 200 in 1447ms (next.js: 105ms, application-code: 1342ms)
 GET /creativos 200 in 1448ms (next.js: 354ms, application-code: 1094ms)
 GET /creativos 200 in 1454ms (next.js: 11ms, application-code: 1442ms)
 GET /creativos 200 in 1451ms (next.js: 185ms, application-code: 1266ms)
 GET /creativos 200 in 1451ms (next.js: 480ms, application-code: 971ms)
 GET /creativos 200 in 823ms (next.js: 18ms, application-code: 805ms)
 GET /creativos 200 in 823ms (next.js: 119ms, application-code: 703ms)
 GET /creativos 200 in 1382ms (next.js: 10ms, application-code: 1372ms)
 GET /creativos 200 in 1826ms (next.js: 10ms, application-code: 1815ms)
 GET /creativos 200 in 1730ms (next.js: 12ms, application-code: 1719ms)
 GET /creativos 200 in 1710ms (next.js: 14ms, application-code: 1696ms)
 GET /creativos 200 in 1785ms (next.js: 16ms, application-code: 1770ms)
 GET /creativos 200 in 1668ms (next.js: 14ms, application-code: 1655ms)
 GET /creativos 200 in 1761ms (next.js: 107ms, application-code: 1654ms)
 GET /creativos 200 in 1762ms (next.js: 194ms, application-code: 1568ms)
 GET /creativos 200 in 1666ms (next.js: 433ms, application-code: 1233ms)
 GET /creativos 200 in 1668ms (next.js: 233ms, application-code: 1435ms)
 GET /creativos 200 in 1131ms (next.js: 34ms, application-code: 1097ms)
 GET /creativos 200 in 1110ms (next.js: 116ms, application-code: 994ms)
 GET /creativos 200 in 1594ms (next.js: 38ms, application-code: 1556ms)
 GET /creativos 200 in 1564ms (next.js: 16ms, application-code: 1548ms)
 GET /creativos 200 in 1453ms (next.js: 10ms, application-code: 1442ms)
 GET /creativos 200 in 1452ms (next.js: 12ms, application-code: 1440ms)
 GET /creativos 200 in 1461ms (next.js: 13ms, application-code: 1449ms)
 GET /creativos 200 in 1570ms (next.js: 105ms, application-code: 1466ms)
 GET /creativos 200 in 1580ms (next.js: 19ms, application-code: 1561ms)
 GET /creativos 200 in 1572ms (next.js: 240ms, application-code: 1332ms)
 GET /creativos 200 in 1574ms (next.js: 407ms, application-code: 1167ms)
 GET /creativos 200 in 1481ms (next.js: 415ms, application-code: 1067ms)
 GET /creativos 200 in 1084ms (next.js: 124ms, application-code: 961ms)
 GET /creativos 200 in 1488ms (next.js: 306ms, application-code: 1182ms)
 GET /creativos 200 in 1386ms (next.js: 303ms, application-code: 1083ms)
 GET /creativos 200 in 1158ms (next.js: 16ms, application-code: 1143ms)
 GET /creativos 200 in 1158ms (next.js: 12ms, application-code: 1146ms)
 GET /creativos 200 in 1052ms (next.js: 10ms, application-code: 1042ms)
 GET /creativos 200 in 1026ms (next.js: 10ms, application-code: 1016ms)
 GET /creativos 200 in 1013ms (next.js: 105ms, application-code: 908ms)
 GET /creativos 200 in 1016ms (next.js: 16ms, application-code: 1001ms)
 GET /creativos 200 in 1014ms (next.js: 179ms, application-code: 835ms)
 GET /creativos 200 in 1014ms (next.js: 258ms, application-code: 756ms)
 GET /creativos 200 in 935ms (next.js: 146ms, application-code: 789ms)
 GET /creativos 200 in 798ms (next.js: 98ms, application-code: 700ms)
 GET /creativos 200 in 1352ms (next.js: 11ms, application-code: 1341ms)
 GET /creativos 200 in 1350ms (next.js: 100ms, application-code: 1250ms)
 GET /creativos 200 in 1469ms (next.js: 7ms, application-code: 1462ms)
 GET /creativos 200 in 1473ms (next.js: 20ms, application-code: 1453ms)
 GET /creativos 200 in 1371ms (next.js: 9ms, application-code: 1362ms)
 GET /creativos 200 in 1479ms (next.js: 16ms, application-code: 1463ms)
 GET /creativos 200 in 1385ms (next.js: 17ms, application-code: 1368ms)
 GET /creativos 200 in 1482ms (next.js: 253ms, application-code: 1229ms)
 GET /creativos 200 in 1483ms (next.js: 123ms, application-code: 1360ms)
 GET /creativos 200 in 1374ms (next.js: 237ms, application-code: 1137ms)
 GET /creativos 200 in 1159ms (next.js: 313ms, application-code: 846ms)
 GET /creativos 200 in 1163ms (next.js: 221ms, application-code: 941ms)
 GET /creativos 200 in 1498ms (next.js: 13ms, application-code: 1484ms)
 GET /creativos 200 in 1495ms (next.js: 122ms, application-code: 1373ms)
 GET /creativos 200 in 1323ms (next.js: 14ms, application-code: 1309ms)
 GET /creativos 200 in 1433ms (next.js: 9ms, application-code: 1425ms)
 GET /creativos 200 in 1335ms (next.js: 15ms, application-code: 1320ms)
 GET /creativos 200 in 1465ms (next.js: 14ms, application-code: 1451ms)
 GET /creativos 200 in 1366ms (next.js: 29ms, application-code: 1337ms)
 GET /creativos 200 in 1336ms (next.js: 22ms, application-code: 1313ms)
 GET /creativos 200 in 1336ms (next.js: 141ms, application-code: 1195ms)
 GET /creativos 200 in 1338ms (next.js: 275ms, application-code: 1064ms)
 GET /creativos 200 in 1159ms (next.js: 235ms, application-code: 924ms)
 GET /creativos 200 in 1161ms (next.js: 110ms, application-code: 1051ms)
 GET /creativos 200 in 1098ms (next.js: 15ms, application-code: 1083ms)
 GET /creativos 200 in 1098ms (next.js: 124ms, application-code: 974ms)
 GET /creativos 200 in 1013ms (next.js: 11ms, application-code: 1002ms)
 GET /creativos 200 in 1441ms (next.js: 17ms, application-code: 1425ms)
 GET /creativos 200 in 1437ms (next.js: 9ms, application-code: 1428ms)
 GET /creativos 200 in 1326ms (next.js: 13ms, application-code: 1314ms)
 GET /creativos 200 in 1315ms (next.js: 17ms, application-code: 1298ms)
 GET /creativos 200 in 1229ms (next.js: 38ms, application-code: 1191ms)
 GET /creativos 200 in 1313ms (next.js: 116ms, application-code: 1196ms)
 GET /creativos 200 in 1242ms (next.js: 13ms, application-code: 1229ms)
 GET /creativos 200 in 1347ms (next.js: 13ms, application-code: 1334ms)
 GET /creativos 200 in 1433ms (next.js: 198ms, application-code: 1235ms)
 GET /creativos 200 in 1433ms (next.js: 334ms, application-code: 1099ms)
 GET /creativos 200 in 1436ms (next.js: 14ms, application-code: 1422ms)
 GET /creativos 200 in 1250ms (next.js: 14ms, application-code: 1236ms)
 GET /creativos 200 in 1220ms (next.js: 11ms, application-code: 1209ms)
 GET /creativos 200 in 1323ms (next.js: 11ms, application-code: 1312ms)
 GET /creativos 200 in 1227ms (next.js: 13ms, application-code: 1215ms)
 GET /creativos 200 in 1225ms (next.js: 12ms, application-code: 1213ms)
 GET /creativos 200 in 1131ms (next.js: 18ms, application-code: 1113ms)
 GET /creativos 200 in 1127ms (next.js: 99ms, application-code: 1028ms)
 GET /creativos 200 in 1225ms (next.js: 10ms, application-code: 1215ms)
 GET /creativos 200 in 1406ms (next.js: 14ms, application-code: 1393ms)
 GET /creativos 200 in 1589ms (next.js: 123ms, application-code: 1466ms)
 GET /creativos 200 in 1591ms (next.js: 18ms, application-code: 1573ms)
 GET /creativos 200 in 1702ms (next.js: 244ms, application-code: 1458ms)
 GET /creativos 200 in 1812ms (next.js: 11ms, application-code: 1802ms)
 GET /creativos 200 in 1803ms (next.js: 11ms, application-code: 1792ms)
 GET /creativos 200 in 1905ms (next.js: 11ms, application-code: 1893ms)
 GET /creativos 200 in 1788ms (next.js: 18ms, application-code: 1769ms)
 GET /creativos 200 in 1618ms (next.js: 15ms, application-code: 1603ms)
 GET /creativos 200 in 1601ms (next.js: 19ms, application-code: 1582ms)
 GET /creativos 200 in 1699ms (next.js: 252ms, application-code: 1447ms)
 GET /creativos 200 in 1612ms (next.js: 14ms, application-code: 1597ms)
 GET /creativos 200 in 1451ms (next.js: 14ms, application-code: 1437ms)
 GET /creativos 200 in 1485ms (next.js: 13ms, application-code: 1472ms)
 GET /creativos 200 in 1485ms (next.js: 294ms, application-code: 1191ms)
 GET /creativos 200 in 1142ms (next.js: 31ms, application-code: 1110ms)
 GET /creativos 200 in 1454ms (next.js: 19ms, application-code: 1435ms)
 GET /creativos 200 in 1349ms (next.js: 10ms, application-code: 1339ms)
 GET /creativos 200 in 1435ms (next.js: 19ms, application-code: 1416ms)
 GET /creativos 200 in 1351ms (next.js: 15ms, application-code: 1336ms)
 GET /creativos 200 in 1361ms (next.js: 13ms, application-code: 1348ms)
 GET /creativos 200 in 1273ms (next.js: 18ms, application-code: 1255ms)
 GET /creativos 200 in 1273ms (next.js: 129ms, application-code: 1144ms)
 GET /creativos 200 in 1436ms (next.js: 12ms, application-code: 1423ms)
 GET /creativos 200 in 1439ms (next.js: 14ms, application-code: 1425ms)
 GET /creativos 200 in 1625ms (next.js: 147ms, application-code: 1478ms)
 GET /creativos 200 in 1627ms (next.js: 16ms, application-code: 1612ms)
 GET /creativos 200 in 1340ms (next.js: 11ms, application-code: 1329ms)
 GET /creativos 200 in 1450ms (next.js: 12ms, application-code: 1438ms)
 GET /creativos 200 in 1450ms (next.js: 22ms, application-code: 1428ms)
 GET /creativos 200 in 1547ms (next.js: 13ms, application-code: 1534ms)
 GET /creativos 200 in 1432ms (next.js: 20ms, application-code: 1412ms)
 GET /creativos 200 in 1327ms (next.js: 12ms, application-code: 1316ms)
 GET /creativos 200 in 1429ms (next.js: 118ms, application-code: 1311ms)
 GET /creativos 200 in 1416ms (next.js: 204ms, application-code: 1212ms)
 GET /creativos 200 in 1351ms (next.js: 14ms, application-code: 1337ms)
 GET /creativos 200 in 1355ms (next.js: 117ms, application-code: 1238ms)
 GET /creativos 200 in 1253ms (next.js: 12ms, application-code: 1241ms)
 GET /creativos 200 in 1253ms (next.js: 128ms, application-code: 1124ms)
 GET /creativos 200 in 1105ms (next.js: 17ms, application-code: 1088ms)
 GET /creativos 200 in 1260ms (next.js: 15ms, application-code: 1245ms)
 GET /creativos 200 in 1761ms (next.js: 14ms, application-code: 1747ms)
 GET /creativos 200 in 1829ms (next.js: 15ms, application-code: 1814ms)
 GET /creativos 200 in 1724ms (next.js: 13ms, application-code: 1712ms)
 GET /creativos 200 in 1752ms (next.js: 12ms, application-code: 1740ms)
 GET /creativos 200 in 1757ms (next.js: 136ms, application-code: 1621ms)
 GET /creativos 200 in 1603ms (next.js: 12ms, application-code: 1591ms)
 GET /creativos 200 in 1979ms (next.js: 15ms, application-code: 1964ms)
 GET /creativos 200 in 1998ms (next.js: 109ms, application-code: 1889ms)
 GET /creativos 200 in 1938ms (next.js: 138ms, application-code: 1799ms)
 GET /creativos 200 in 1940ms (next.js: 11ms, application-code: 1929ms)
 GET /creativos 200 in 1909ms (next.js: 34ms, application-code: 1875ms)
 GET /creativos 200 in 1612ms (next.js: 14ms, application-code: 1598ms)
 GET /creativos 200 in 1605ms (next.js: 12ms, application-code: 1594ms)
 GET /creativos 200 in 1573ms (next.js: 19ms, application-code: 1553ms)
 GET /creativos 200 in 1564ms (next.js: 14ms, application-code: 1549ms)
 GET /creativos 200 in 1450ms (next.js: 12ms, application-code: 1438ms)
 GET /creativos 200 in 1336ms (next.js: 14ms, application-code: 1322ms)
 GET /creativos 200 in 1173ms (next.js: 29ms, application-code: 1144ms)
 GET /creativos 200 in 1343ms (next.js: 14ms, application-code: 1329ms)
 GET /creativos 200 in 1497ms (next.js: 120ms, application-code: 1376ms)
 GET /creativos 200 in 1294ms (next.js: 10ms, application-code: 1283ms)
 GET /creativos 200 in 1294ms (next.js: 104ms, application-code: 1191ms)
 GET /creativos 200 in 1297ms (next.js: 13ms, application-code: 1284ms)
 GET /creativos 200 in 1345ms (next.js: 16ms, application-code: 1328ms)
 GET /creativos 200 in 1363ms (next.js: 14ms, application-code: 1349ms)
 GET /creativos 200 in 1343ms (next.js: 10ms, application-code: 1333ms)
 GET /creativos 200 in 1351ms (next.js: 12ms, application-code: 1339ms)
 GET /creativos 200 in 1251ms (next.js: 22ms, application-code: 1229ms)
 GET /creativos 200 in 1266ms (next.js: 17ms, application-code: 1248ms)
 GET /creativos 200 in 1363ms (next.js: 234ms, application-code: 1129ms)
 GET /creativos 200 in 1357ms (next.js: 13ms, application-code: 1343ms)
 GET /creativos 200 in 1358ms (next.js: 99ms, application-code: 1259ms)
 GET /creativos 200 in 1152ms (next.js: 18ms, application-code: 1134ms)
 GET /creativos 200 in 1243ms (next.js: 93ms, application-code: 1150ms)
 GET /creativos 200 in 1284ms (next.js: 18ms, application-code: 1266ms)
 GET /creativos 200 in 1383ms (next.js: 17ms, application-code: 1366ms)
 GET /creativos 200 in 1277ms (next.js: 15ms, application-code: 1262ms)
 GET /creativos 200 in 1400ms (next.js: 14ms, application-code: 1386ms)
 GET /creativos 200 in 1304ms (next.js: 16ms, application-code: 1288ms)
 GET /creativos 200 in 1187ms (next.js: 25ms, application-code: 1161ms)
 GET /creativos 200 in 1131ms (next.js: 99ms, application-code: 1033ms)
 GET /creativos 200 in 1138ms (next.js: 16ms, application-code: 1122ms)
 GET /creativos 200 in 1037ms (next.js: 10ms, application-code: 1027ms)
 GET /creativos 200 in 1192ms (next.js: 19ms, application-code: 1173ms)
 GET /creativos 200 in 1115ms (next.js: 12ms, application-code: 1103ms)
 GET /creativos 200 in 1217ms (next.js: 17ms, application-code: 1200ms)
 GET /creativos 200 in 1218ms (next.js: 14ms, application-code: 1204ms)
 GET /creativos 200 in 1422ms (next.js: 13ms, application-code: 1409ms)
 GET /creativos 200 in 1310ms (next.js: 12ms, application-code: 1298ms)
 GET /creativos 200 in 1300ms (next.js: 16ms, application-code: 1284ms)
 GET /creativos 200 in 1333ms (next.js: 20ms, application-code: 1313ms)
 GET /creativos 200 in 1231ms (next.js: 12ms, application-code: 1220ms)
 GET /creativos 200 in 1243ms (next.js: 14ms, application-code: 1229ms)
 GET /creativos 200 in 1243ms (next.js: 113ms, application-code: 1130ms)
 GET /creativos 200 in 1273ms (next.js: 21ms, application-code: 1252ms)
 GET /creativos 200 in 1262ms (next.js: 16ms, application-code: 1246ms)
 GET /creativos 200 in 1256ms (next.js: 14ms, application-code: 1242ms)
 GET /creativos 200 in 1310ms (next.js: 15ms, application-code: 1296ms)
 GET /creativos 200 in 1324ms (next.js: 158ms, application-code: 1166ms)
 GET /creativos 200 in 1524ms (next.js: 9ms, application-code: 1515ms)
 GET /creativos 200 in 1419ms (next.js: 14ms, application-code: 1405ms)
 GET /creativos 200 in 1380ms (next.js: 17ms, application-code: 1362ms)
 GET /creativos 200 in 1376ms (next.js: 11ms, application-code: 1366ms)
 GET /creativos 200 in 1274ms (next.js: 17ms, application-code: 1257ms)
 GET /creativos 200 in 1270ms (next.js: 113ms, application-code: 1158ms)
 GET /creativos 200 in 1277ms (next.js: 107ms, application-code: 1170ms)
 GET /creativos 200 in 1206ms (next.js: 11ms, application-code: 1195ms)
 GET /creativos 200 in 1498ms (next.js: 15ms, application-code: 1483ms)
 GET /creativos 200 in 1446ms (next.js: 32ms, application-code: 1413ms)
 GET /creativos 200 in 1298ms (next.js: 12ms, application-code: 1286ms)
 GET /creativos 200 in 1199ms (next.js: 11ms, application-code: 1188ms)
 GET /creativos 200 in 1114ms (next.js: 14ms, application-code: 1100ms)
 GET /creativos 200 in 1107ms (next.js: 10ms, application-code: 1097ms)
 GET /creativos 200 in 1132ms (next.js: 14ms, application-code: 1119ms)
 GET /creativos 200 in 1130ms (next.js: 16ms, application-code: 1114ms)
 GET /creativos 200 in 1020ms (next.js: 30ms, application-code: 990ms)
 GET /creativos 200 in 1020ms (next.js: 133ms, application-code: 887ms)
 GET /creativos 200 in 1003ms (next.js: 219ms, application-code: 783ms)
 GET /creativos 200 in 704ms (next.js: 13ms, application-code: 691ms)
 GET /creativos 200 in 600ms (next.js: 11ms, application-code: 590ms)
 GET /creativos 200 in 467ms (next.js: 10ms, application-code: 457ms)
 GET /creativos 200 in 365ms (next.js: 18ms, application-code: 347ms)
 GET /creativos 200 in 234ms (next.js: 14ms, application-code: 220ms)
 GET /creativos 200 in 121ms (next.js: 10ms, application-code: 112ms)
✓ Compiled in 498ms
✓ Compiled in 831ms
 GET /creativos 200 in 2.1s (next.js: 446ms, application-code: 1613ms)
 GET /creativos 200 in 1439ms (next.js: 225ms, application-code: 1214ms)
 GET /creativos 200 in 1443ms (next.js: 33ms, application-code: 1411ms)
 GET /creativos 200 in 1244ms (next.js: 17ms, application-code: 1227ms)
 GET /creativos 200 in 1501ms (next.js: 116ms, application-code: 1384ms)
 GET /creativos 200 in 1398ms (next.js: 114ms, application-code: 1284ms)
 GET /creativos 200 in 1405ms (next.js: 291ms, application-code: 1114ms)
 GET /creativos 200 in 1129ms (next.js: 133ms, application-code: 996ms)
 GET /creativos 200 in 1094ms (next.js: 83ms, application-code: 1010ms)
 GET /creativos 200 in 1447ms (next.js: 20ms, application-code: 1428ms)
 GET /creativos 200 in 1337ms (next.js: 17ms, application-code: 1320ms)
 GET /creativos 200 in 1613ms (next.js: 21ms, application-code: 1592ms)
 GET /creativos 200 in 1593ms (next.js: 16ms, application-code: 1576ms)
 GET /creativos 200 in 1460ms (next.js: 163ms, application-code: 1298ms)
 GET /creativos 200 in 1468ms (next.js: 39ms, application-code: 1428ms)
 GET /creativos 200 in 1288ms (next.js: 13ms, application-code: 1275ms)
 GET /creativos 200 in 1288ms (next.js: 97ms, application-code: 1191ms)
 GET /creativos 200 in 1326ms (next.js: 113ms, application-code: 1213ms)
 GET /creativos 200 in 1329ms (next.js: 213ms, application-code: 1117ms)
 GET /creativos 200 in 1333ms (next.js: 122ms, application-code: 1211ms)
 GET /creativos 200 in 1226ms (next.js: 14ms, application-code: 1212ms)
 GET /creativos 200 in 1505ms (next.js: 17ms, application-code: 1488ms)
 GET /creativos 200 in 1428ms (next.js: 33ms, application-code: 1395ms)
 GET /creativos 200 in 1305ms (next.js: 8ms, application-code: 1297ms)
 GET /creativos 200 in 1334ms (next.js: 18ms, application-code: 1316ms)
 GET /creativos 200 in 1334ms (next.js: 15ms, application-code: 1319ms)
 GET /creativos 200 in 1447ms (next.js: 138ms, application-code: 1309ms)
 GET /creativos 200 in 1217ms (next.js: 12ms, application-code: 1205ms)
 GET /creativos 200 in 1321ms (next.js: 121ms, application-code: 1200ms)
 GET /creativos 200 in 1336ms (next.js: 130ms, application-code: 1206ms)
 GET /creativos 200 in 1238ms (next.js: 249ms, application-code: 989ms)
 GET /creativos 200 in 1242ms (next.js: 149ms, application-code: 1092ms)
 GET /creativos 200 in 1329ms (next.js: 15ms, application-code: 1314ms)
✓ Compiled in 357ms
 GET /creativos 200 in 1946ms (next.js: 12ms, application-code: 1935ms)
 GET /creativos 200 in 2.5s (next.js: 17ms, application-code: 2.5s)
 GET /creativos 200 in 2.5s (next.js: 11ms, application-code: 2.5s)
 GET /creativos 200 in 2.4s (next.js: 14ms, application-code: 2.4s)
 GET /creativos 200 in 2.4s (next.js: 14ms, application-code: 2.4s)
 GET /creativos 200 in 2.5s (next.js: 116ms, application-code: 2.4s)
 GET /creativos 200 in 2.3s (next.js: 25ms, application-code: 2.3s)
 GET /creativos 200 in 2.3s (next.js: 18ms, application-code: 2.2s)
 GET /creativos 200 in 2.4s (next.js: 139ms, application-code: 2.3s)
 GET /creativos 200 in 2.3s (next.js: 501ms, application-code: 1786ms)
 GET /creativos 200 in 2.3s (next.js: 289ms, application-code: 2.0s)
 GET /creativos 200 in 2.2s (next.js: 394ms, application-code: 1784ms)
 GET /creativos 200 in 1753ms (next.js: 17ms, application-code: 1735ms)
 GET /creativos 200 in 1635ms (next.js: 11ms, application-code: 1624ms)
 GET /creativos 200 in 1681ms (next.js: 11ms, application-code: 1670ms)
 GET /creativos 200 in 1608ms (next.js: 13ms, application-code: 1594ms)
 GET /creativos 200 in 1556ms (next.js: 14ms, application-code: 1542ms)
 GET /creativos 200 in 1452ms (next.js: 13ms, application-code: 1439ms)
 GET /creativos 200 in 1429ms (next.js: 20ms, application-code: 1409ms)
 GET /creativos 200 in 1280ms (next.js: 34ms, application-code: 1246ms)
 GET /creativos 200 in 1356ms (next.js: 133ms, application-code: 1223ms)
 GET /creativos 200 in 1555ms (next.js: 240ms, application-code: 1315ms)
 GET /creativos 200 in 1558ms (next.js: 376ms, application-code: 1182ms)
 GET /creativos 200 in 1614ms (next.js: 13ms, application-code: 1601ms)
 GET /creativos 200 in 1688ms (next.js: 18ms, application-code: 1670ms)
 GET /creativos 200 in 1587ms (next.js: 13ms, application-code: 1574ms)
 GET /creativos 200 in 1651ms (next.js: 11ms, application-code: 1641ms)
 GET /creativos 200 in 1559ms (next.js: 18ms, application-code: 1541ms)
 GET /creativos 200 in 1542ms (next.js: 111ms, application-code: 1432ms)
 GET /creativos 200 in 1665ms (next.js: 19ms, application-code: 1647ms)
 GET /creativos 200 in 1314ms (next.js: 10ms, application-code: 1304ms)
 GET /creativos 200 in 1270ms (next.js: 23ms, application-code: 1246ms)
 GET /creativos 200 in 2.1s (next.js: 100ms, application-code: 2.0s)
 GET /creativos 200 in 2.0s (next.js: 134ms, application-code: 1905ms)
 GET /creativos 200 in 2.0s (next.js: 27ms, application-code: 2.0s)
✓ Compiled in 0ms
 GET /creativos 200 in 2.3s (next.js: 14ms, application-code: 2.3s)
 GET /creativos 200 in 2.1s (next.js: 15ms, application-code: 2.1s)
 GET /creativos 200 in 2.2s (next.js: 10ms, application-code: 2.2s)
 GET /creativos 200 in 2.3s (next.js: 12ms, application-code: 2.2s)
 GET /creativos 200 in 2.1s (next.js: 13ms, application-code: 2.1s)
 GET /creativos 200 in 2.2s (next.js: 756ms, application-code: 1434ms)
 GET /creativos 200 in 2.2s (next.js: 558ms, application-code: 1637ms)
 GET /creativos 200 in 2.2s (next.js: 38ms, application-code: 2.2s)
 GET /creativos 200 in 1146ms (next.js: 117ms, application-code: 1029ms)
 GET /creativos 200 in 1194ms (next.js: 16ms, application-code: 1179ms)
 GET /creativos 200 in 1194ms (next.js: 119ms, application-code: 1075ms)
 GET /creativos 200 in 1332ms (next.js: 239ms, application-code: 1093ms)
 GET /creativos 200 in 1516ms (next.js: 11ms, application-code: 1505ms)
 GET /creativos 200 in 1516ms (next.js: 12ms, application-code: 1504ms)
 GET /creativos 200 in 1614ms (next.js: 10ms, application-code: 1604ms)
 GET /creativos 200 in 1599ms (next.js: 19ms, application-code: 1581ms)
 GET /creativos 200 in 1486ms (next.js: 12ms, application-code: 1474ms)
 GET /creativos 200 in 1498ms (next.js: 15ms, application-code: 1483ms)
 GET /creativos 200 in 1602ms (next.js: 140ms, application-code: 1462ms)
 GET /creativos 200 in 1478ms (next.js: 167ms, application-code: 1311ms)
 GET /creativos 200 in 1328ms (next.js: 147ms, application-code: 1181ms)
 GET /creativos 200 in 1354ms (next.js: 300ms, application-code: 1054ms)
 GET /creativos 200 in 1364ms (next.js: 42ms, application-code: 1322ms)
 GET /creativos 200 in 1218ms (next.js: 17ms, application-code: 1201ms)
 GET /creativos 200 in 1376ms (next.js: 13ms, application-code: 1364ms)
 GET /creativos 200 in 1363ms (next.js: 11ms, application-code: 1353ms)
 GET /creativos 200 in 1376ms (next.js: 11ms, application-code: 1366ms)
 GET /creativos 200 in 1556ms (next.js: 13ms, application-code: 1543ms)
 GET /creativos 200 in 1449ms (next.js: 16ms, application-code: 1434ms)
 GET /creativos 200 in 1430ms (next.js: 18ms, application-code: 1412ms)
 GET /creativos 200 in 1510ms (next.js: 123ms, application-code: 1386ms)
 GET /creativos 200 in 1272ms (next.js: 33ms, application-code: 1239ms)
 GET /creativos 200 in 1259ms (next.js: 134ms, application-code: 1126ms)
 GET /creativos 200 in 1268ms (next.js: 158ms, application-code: 1109ms)
 GET /creativos 200 in 1269ms (next.js: 19ms, application-code: 1249ms)
 GET /creativos 200 in 1213ms (next.js: 13ms, application-code: 1199ms)
 GET /creativos 200 in 1390ms (next.js: 16ms, application-code: 1374ms)
 GET /creativos 200 in 1356ms (next.js: 17ms, application-code: 1339ms)
 GET /creativos 200 in 1291ms (next.js: 16ms, application-code: 1275ms)
 GET /creativos 200 in 1410ms (next.js: 13ms, application-code: 1397ms)
 GET /creativos 200 in 1317ms (next.js: 11ms, application-code: 1307ms)
 GET /creativos 200 in 1358ms (next.js: 17ms, application-code: 1341ms)
 GET /creativos 200 in 1517ms (next.js: 162ms, application-code: 1355ms)
 GET /creativos 200 in 1231ms (next.js: 22ms, application-code: 1209ms)
 GET /creativos 200 in 1220ms (next.js: 110ms, application-code: 1110ms)
 GET /creativos 200 in 1020ms (next.js: 11ms, application-code: 1009ms)
 GET /creativos 200 in 1144ms (next.js: 152ms, application-code: 992ms)
 GET /creativos 200 in 1710ms (next.js: 9ms, application-code: 1701ms)
 GET /creativos 200 in 1737ms (next.js: 17ms, application-code: 1720ms)
 GET /creativos 200 in 1651ms (next.js: 13ms, application-code: 1638ms)
 GET /creativos 200 in 1642ms (next.js: 16ms, application-code: 1626ms)
 GET /creativos 200 in 1598ms (next.js: 10ms, application-code: 1588ms)
 GET /creativos 200 in 1518ms (next.js: 30ms, application-code: 1488ms)
 GET /creativos 200 in 1364ms (next.js: 22ms, application-code: 1342ms)
 GET /creativos 200 in 1279ms (next.js: 20ms, application-code: 1259ms)
 GET /creativos 200 in 1276ms (next.js: 148ms, application-code: 1128ms)
 GET /creativos 200 in 1288ms (next.js: 429ms, application-code: 859ms)
✓ Compiled in 1553ms
✓ Compiled in 10ms
 GET /creativos 200 in 7.3s (next.js: 4.5s, application-code: 2.8s)
 GET /creativos 200 in 943ms (next.js: 158ms, application-code: 785ms)
 GET /creativos 200 in 232ms (next.js: 24ms, application-code: 208ms)
 GET /creativos 200 in 7.4s (next.js: 3.3s, application-code: 4.1s)
 GET /creativos 200 in 7.8s (next.js: 4.6s, application-code: 3.2s)
 GET /creativos 200 in 7.5s (next.js: 4.4s, application-code: 3.1s)
 GET /creativos 200 in 7.4s (next.js: 4.4s, application-code: 3.0s)
 GET /creativos 200 in 7.4s (next.js: 4.6s, application-code: 2.8s)
 GET /creativos 200 in 7.9s (next.js: 4.1s, application-code: 3.7s)
 GET /creativos 200 in 172ms (next.js: 57ms, application-code: 115ms)
 GET /creativos 200 in 652ms (next.js: 150ms, application-code: 502ms)
 GET /creativos 200 in 1974ms (next.js: 28ms, application-code: 1946ms)
 GET /creativos 200 in 986ms (next.js: 40ms, application-code: 946ms)
 GET /api/creativos/jobs 200 in 191ms (next.js: 125ms, application-code: 66ms)
 GET /api/creativos/jobs 200 in 27ms (next.js: 13ms, application-code: 14ms)
 GET /imagenes 200 in 2.4s (next.js: 2.0s, application-code: 322ms)
 GET /imagenes 200 in 52ms (next.js: 5ms, application-code: 48ms)
 POST /api/imagenes/prompt 200 in 143ms (next.js: 135ms, application-code: 8ms)
 POST /api/imagenes/compose 200 in 4.0s (next.js: 227ms, application-code: 3.8s)
 GET /api/imagenes/file/01c91495-b8c0-4f9d-8c2e-d449144f1ffa.webp 200 in 870ms (next.js: 861ms, application-code: 9ms)
 POST /api/imagenes/compose 200 in 232ms (next.js: 3ms, application-code: 230ms)
 POST /api/imagenes/compose 200 in 169ms (next.js: 3ms, application-code: 166ms)
 POST /api/imagenes/compose 200 in 177ms (next.js: 2ms, application-code: 175ms)
 POST /api/imagenes/compose 200 in 120ms (next.js: 1841µs, application-code: 118ms)
 GET /imagenes 200 in 85ms (next.js: 11ms, application-code: 73ms)
 GET /api/imagenes/file/e58b39e3-7283-4f6d-96f1-675bc90317ec.webp 200 in 13ms (next.js: 7ms, application-code: 6ms)
 GET /api/imagenes/file/bfedf5e9-dc1c-4883-879c-86860c0aec42.webp 200 in 12ms (next.js: 8ms, application-code: 5ms)
 GET /imagenes 200 in 222ms (next.js: 47ms, application-code: 175ms)
 GET /creativos 200 in 139ms (next.js: 17ms, application-code: 123ms)
 GET /imagenes 200 in 110ms (next.js: 41ms, application-code: 69ms)
 GET /creativos 200 in 41ms (next.js: 10ms, application-code: 31ms)
 POST /api/imagenes/compose 200 in 299ms (next.js: 29ms, application-code: 271ms)
[imagenes/compose] Error: Input buffer has corrupt header: glib: XML parse error: Error domain 1 code 26 on line 7 column 102 of data: Entity 'ldquo' not defined
    at composeAd (lib\image-composer.ts:446:59)
    at async POST (app\api\imagenes\compose\route.ts:36:20)
  444 |   // 4. Text overlay SVG → PNG (transparent bg)
  445 |   const textSvg = buildText(template, w, h, b, copy);
> 446 |   const textBuf = await sharp(Buffer.from(textSvg)).png().toBuffer();
      |                                                           ^
  447 |   composites.push({ input: textBuf, top: 0, left: 0, blend: "over" });
  448 |
  449 |   // 5. Composite all layers → WebP
 POST /api/imagenes/compose 500 in 222ms (next.js: 1996µs, application-code: 220ms)
 GET /api/imagenes/file/a89dcab2-598b-44ff-b6a4-5fa6ffc14983.webp 200 in 27ms (next.js: 20ms, application-code: 7ms)
[imagenes/compose] Error: Input buffer has corrupt header: glib: XML parse error: Error domain 1 code 26 on line 7 column 102 of data: Entity 'ldquo' not defined
    at composeAd (lib\image-composer.ts:446:59)
    at async POST (app\api\imagenes\compose\route.ts:36:20)
  444 |   // 4. Text overlay SVG → PNG (transparent bg)
  445 |   const textSvg = buildText(template, w, h, b, copy);
> 446 |   const textBuf = await sharp(Buffer.from(textSvg)).png().toBuffer();
      |                                                           ^
  447 |   composites.push({ input: textBuf, top: 0, left: 0, blend: "over" });
  448 |
  449 |   // 5. Composite all layers → WebP
 POST /api/imagenes/compose 500 in 113ms (next.js: 3ms, application-code: 110ms)
[imagenes/compose] Error: Input buffer has corrupt header: glib: XML parse error: Error domain 1 code 26 on line 7 column 102 of data: Entity 'ldquo' not defined
    at composeAd (lib\image-composer.ts:446:59)
    at async POST (app\api\imagenes\compose\route.ts:36:20)
  444 |   // 4. Text overlay SVG → PNG (transparent bg)
  445 |   const textSvg = buildText(template, w, h, b, copy);
> 446 |   const textBuf = await sharp(Buffer.from(textSvg)).png().toBuffer();
      |                                                           ^
  447 |   composites.push({ input: textBuf, top: 0, left: 0, blend: "over" });
  448 |
  449 |   // 5. Composite all layers → WebP
 POST /api/imagenes/compose 500 in 129ms (next.js: 3ms, application-code: 126ms)
[imagenes/compose] Error: Input buffer has corrupt header: glib: XML parse error: Error domain 1 code 26 on line 7 column 102 of data: Entity 'ldquo' not defined
    at composeAd (lib\image-composer.ts:446:59)
    at async POST (app\api\imagenes\compose\route.ts:36:20)
  444 |   // 4. Text overlay SVG → PNG (transparent bg)
  445 |   const textSvg = buildText(template, w, h, b, copy);
> 446 |   const textBuf = await sharp(Buffer.from(textSvg)).png().toBuffer();
      |                                                           ^
  447 |   composites.push({ input: textBuf, top: 0, left: 0, blend: "over" });
  448 |
  449 |   // 5. Composite all layers → WebP
 POST /api/imagenes/compose 500 in 79ms (next.js: 1939µs, application-code: 77ms)
 GET /imagenes 200 in 139ms (next.js: 39ms, application-code: 100ms)
 GET /creativos 200 in 63ms (next.js: 14ms, application-code: 49ms)
 POST /api/imagenes/compose 200 in 214ms (next.js: 30ms, application-code: 183ms)
 GET /api/imagenes/file/74d5f59c-3fe4-4d26-98e3-60cf14844652.webp 200 in 27ms (next.js: 20ms, application-code: 7ms)
 GET /imagenes 200 in 105ms (next.js: 4ms, application-code: 101ms)
 GET / 200 in 323ms (next.js: 33ms, application-code: 291ms)
 GET /creativos 200 in 143ms (next.js: 14ms, application-code: 129ms)
 GET /api/creativos/jobs 200 in 170ms (next.js: 158ms, application-code: 12ms)
 GET /api/creativos/jobs 200 in 7ms (next.js: 4ms, application-code: 4ms)
 GET /imagenes 200 in 51ms (next.js: 8ms, application-code: 43ms)
 POST /api/imagenes/compose 200 in 327ms (next.js: 6ms, application-code: 321ms)
 GET /api/imagenes/file/3b1f738a-a162-4c10-a239-11362a5683ca.webp 200 in 28ms (next.js: 16ms, application-code: 11ms)
 POST /api/imagenes/compose 200 in 167ms (next.js: 4ms, application-code: 163ms)
 GET /api/imagenes/file/9511bf61-5769-40af-85ed-7af52095147e.webp 200 in 8ms (next.js: 3ms, application-code: 6ms)
 POST /api/imagenes/compose 200 in 157ms (next.js: 3ms, application-code: 154ms)
 GET /api/imagenes/file/17d62ab1-75f1-478d-93f1-74a80bf6de5e.webp 200 in 8ms (next.js: 2ms, application-code: 6ms)
 POST /api/imagenes/compose 200 in 157ms (next.js: 3ms, application-code: 154ms)
 GET /api/imagenes/file/e58eedce-7737-4c4e-bb96-72f28a6893e4.webp 200 in 10ms (next.js: 4ms, application-code: 6ms)
 POST /api/imagenes/compose 200 in 173ms (next.js: 4ms, application-code: 169ms)
 GET /api/imagenes/file/7af602ea-4f42-4e80-9517-371d3b187846.webp 200 in 6ms (next.js: 2ms, application-code: 4ms)
 POST /api/imagenes/compose 200 in 132ms (next.js: 2ms, application-code: 129ms)
 GET /api/imagenes/file/914161f5-ffb0-424b-8d4c-547c3a2f3e6f.webp 200 in 8ms (next.js: 3ms, application-code: 5ms)
 POST /api/imagenes/compose 200 in 136ms (next.js: 3ms, application-code: 133ms)
 GET /api/imagenes/file/a00d5f68-56fa-41a2-aae1-b4806d550481.webp 200 in 9ms (next.js: 3ms, application-code: 7ms)
 POST /api/imagenes/compose 200 in 167ms (next.js: 2ms, application-code: 165ms)
 GET /api/imagenes/file/4294a689-a380-4b34-8a56-b2196a783d6a.webp 200 in 19ms (next.js: 10ms, application-code: 9ms)
 POST /api/imagenes/compose 200 in 310ms (next.js: 4ms, application-code: 307ms)
 GET /api/imagenes/file/a87a878e-71aa-4d72-8652-3b02f1529edd.webp 200 in 7ms (next.js: 2ms, application-code: 5ms)
 POST /api/imagenes/compose 200 in 131ms (next.js: 1822µs, application-code: 129ms)
 GET /api/imagenes/file/541635c4-27d8-4b71-ad4c-07df4ca98bb0.webp 200 in 7ms (next.js: 1908µs, application-code: 5ms)
 POST /api/imagenes/compose 200 in 210ms (next.js: 1655µs, application-code: 208ms)
 GET /api/imagenes/file/e4664168-6540-4084-9764-14ac6c73a9b7.webp 200 in 16ms (next.js: 7ms, application-code: 9ms)
 POST /api/imagenes/compose 200 in 294ms (next.js: 3ms, application-code: 291ms)
 GET /api/imagenes/file/26af3683-e5d1-4db4-b975-fb71ef05a0d2.webp 200 in 14ms (next.js: 8ms, application-code: 6ms)
 GET /creativos 200 in 190ms (next.js: 13ms, application-code: 177ms)
 GET /api/creativos/jobs 200 in 26ms (next.js: 10ms, application-code: 15ms)
 GET /api/creativos/jobs 200 in 16ms (next.js: 6ms, application-code: 10ms)
 POST /api/creativos/upload 200 in 1609ms (next.js: 1124ms, application-code: 485ms)
 GET /api/creativos/jobs 200 in 11ms (next.js: 4ms, application-code: 7ms)
 GET /creativos 200 in 280ms (next.js: 9ms, application-code: 271ms)
 GET /api/creativos/jobs 200 in 17ms (next.js: 6ms, application-code: 10ms)
 GET /imagenes 200 in 110ms (next.js: 11ms, application-code: 99ms)
 GET /creativos 200 in 93ms (next.js: 8ms, application-code: 85ms)
 GET /api/creativos/jobs 200 in 30ms (next.js: 16ms, application-code: 14ms)
 GET /api/creativos/jobs 200 in 19ms (next.js: 7ms, application-code: 12ms)
✓ Compiled in 355ms
 GET /creativos 200 in 751ms (next.js: 124ms, application-code: 627ms)
 GET /creativos 200 in 783ms (next.js: 11ms, application-code: 772ms)
 GET /creativos 200 in 684ms (next.js: 13ms, application-code: 671ms)
 GET /creativos 200 in 771ms (next.js: 123ms, application-code: 648ms)
 GET /creativos 200 in 771ms (next.js: 227ms, application-code: 544ms)
 GET /creativos 200 in 778ms (next.js: 317ms, application-code: 461ms)
 GET /creativos 200 in 713ms (next.js: 20ms, application-code: 693ms)
 GET /creativos 200 in 592ms (next.js: 12ms, application-code: 580ms)
 GET /creativos 200 in 596ms (next.js: 75ms, application-code: 521ms)
 GET /creativos 200 in 599ms (next.js: 8ms, application-code: 591ms)
 GET /creativos 200 in 536ms (next.js: 102ms, application-code: 434ms)
 GET /creativos 200 in 605ms (next.js: 20ms, application-code: 585ms)
 GET /creativos 200 in 567ms (next.js: 13ms, application-code: 554ms)
 GET /creativos 200 in 456ms (next.js: 12ms, application-code: 444ms)
 GET /creativos 200 in 350ms (next.js: 122ms, application-code: 228ms)
 GET /creativos 200 in 353ms (next.js: 13ms, application-code: 340ms)
 GET /creativos 200 in 136ms (next.js: 14ms, application-code: 122ms)
✓ Compiled in 243ms
 GET /creativos 200 in 769ms (next.js: 90ms, application-code: 679ms)
 GET /creativos 200 in 687ms (next.js: 30ms, application-code: 657ms)
 GET /creativos 200 in 549ms (next.js: 108ms, application-code: 441ms)
 GET /creativos 200 in 554ms (next.js: 15ms, application-code: 539ms)
 GET /creativos 200 in 555ms (next.js: 214ms, application-code: 341ms)
 GET /creativos 200 in 561ms (next.js: 263ms, application-code: 298ms)
 GET /creativos 200 in 510ms (next.js: 10ms, application-code: 499ms)
 GET /creativos 200 in 516ms (next.js: 10ms, application-code: 506ms)
 GET /creativos 200 in 507ms (next.js: 19ms, application-code: 488ms)
 GET /creativos 200 in 508ms (next.js: 96ms, application-code: 412ms)
 GET /creativos 200 in 335ms (next.js: 37ms, application-code: 299ms)
 GET /creativos 200 in 339ms (next.js: 5ms, application-code: 334ms)
 GET /creativos 200 in 494ms (next.js: 10ms, application-code: 484ms)
 GET /creativos 200 in 389ms (next.js: 15ms, application-code: 374ms)
 GET /creativos 200 in 265ms (next.js: 12ms, application-code: 253ms)
 GET /creativos 200 in 803ms (next.js: 117ms, application-code: 686ms)
 GET /creativos 200 in 662ms (next.js: 11ms, application-code: 651ms)
 GET /creativos 200 in 557ms (next.js: 138ms, application-code: 418ms)
 GET /creativos 200 in 562ms (next.js: 11ms, application-code: 551ms)
 GET /creativos 200 in 561ms (next.js: 321ms, application-code: 240ms)
 GET /creativos 200 in 564ms (next.js: 219ms, application-code: 345ms)
 GET /creativos 200 in 745ms (next.js: 11ms, application-code: 735ms)
 GET /creativos 200 in 720ms (next.js: 32ms, application-code: 688ms)
 GET /creativos 200 in 466ms (next.js: 110ms, application-code: 356ms)
 GET /creativos 200 in 724ms (next.js: 265ms, application-code: 459ms)
 GET /creativos 200 in 471ms (next.js: 166ms, application-code: 305ms)
 GET /creativos 200 in 471ms (next.js: 245ms, application-code: 226ms)
 GET /creativos 200 in 605ms (next.js: 9ms, application-code: 596ms)
 GET /creativos 200 in 604ms (next.js: 11ms, application-code: 593ms)
 GET /creativos 200 in 500ms (next.js: 13ms, application-code: 487ms)
 GET /creativos 200 in 498ms (next.js: 98ms, application-code: 400ms)
 GET /creativos 200 in 498ms (next.js: 177ms, application-code: 320ms)
 GET /creativos 200 in 417ms (next.js: 195ms, application-code: 222ms)
 GET /creativos 200 in 578ms (next.js: 10ms, application-code: 568ms)
 GET /creativos 200 in 575ms (next.js: 18ms, application-code: 557ms)
 GET /creativos 200 in 466ms (next.js: 108ms, application-code: 358ms)
 GET /creativos 200 in 464ms (next.js: 199ms, application-code: 265ms)
 GET /creativos 200 in 563ms (next.js: 276ms, application-code: 287ms)
 GET /creativos 200 in 579ms (next.js: 16ms, application-code: 563ms)
 GET /creativos 200 in 635ms (next.js: 11ms, application-code: 625ms)
 GET /creativos 200 in 540ms (next.js: 14ms, application-code: 526ms)
 GET /creativos 200 in 532ms (next.js: 15ms, application-code: 518ms)
 GET /creativos 200 in 530ms (next.js: 68ms, application-code: 462ms)
 GET /creativos 200 in 602ms (next.js: 96ms, application-code: 506ms)
 GET /creativos 200 in 526ms (next.js: 119ms, application-code: 406ms)
 GET /creativos 200 in 681ms (next.js: 11ms, application-code: 670ms)
 GET /creativos 200 in 581ms (next.js: 19ms, application-code: 561ms)
 GET /creativos 200 in 555ms (next.js: 16ms, application-code: 539ms)
 GET /creativos 200 in 646ms (next.js: 116ms, application-code: 530ms)
 GET /creativos 200 in 449ms (next.js: 12ms, application-code: 437ms)
 GET /creativos 200 in 550ms (next.js: 108ms, application-code: 442ms)
 GET /creativos 200 in 587ms (next.js: 13ms, application-code: 574ms)
 GET /creativos 200 in 490ms (next.js: 14ms, application-code: 476ms)
 GET /creativos 200 in 533ms (next.js: 15ms, application-code: 518ms)
 GET /creativos 200 in 549ms (next.js: 14ms, application-code: 535ms)
 GET /creativos 200 in 494ms (next.js: 14ms, application-code: 480ms)
 GET /creativos 200 in 494ms (next.js: 124ms, application-code: 371ms)
 GET /creativos 200 in 759ms (next.js: 17ms, application-code: 742ms)
 GET /creativos 200 in 622ms (next.js: 15ms, application-code: 607ms)
 GET /creativos 200 in 722ms (next.js: 20ms, application-code: 702ms)
 GET /creativos 200 in 615ms (next.js: 15ms, application-code: 599ms)
 GET /creativos 200 in 508ms (next.js: 122ms, application-code: 385ms)
 GET /creativos 200 in 630ms (next.js: 18ms, application-code: 612ms)
 GET /creativos 200 in 700ms (next.js: 13ms, application-code: 686ms)
 GET /creativos 200 in 581ms (next.js: 9ms, application-code: 572ms)
 GET /creativos 200 in 676ms (next.js: 14ms, application-code: 662ms)
 GET /creativos 200 in 560ms (next.js: 13ms, application-code: 547ms)
 GET /creativos 200 in 458ms (next.js: 14ms, application-code: 444ms)
 GET /creativos 200 in 447ms (next.js: 12ms, application-code: 435ms)
 GET /creativos 200 in 637ms (next.js: 15ms, application-code: 622ms)
 GET /creativos 200 in 531ms (next.js: 14ms, application-code: 516ms)
 GET /creativos 200 in 615ms (next.js: 12ms, application-code: 603ms)
 GET /creativos 200 in 498ms (next.js: 14ms, application-code: 483ms)
 GET /creativos 200 in 497ms (next.js: 117ms, application-code: 381ms)
 GET /creativos 200 in 312ms (next.js: 11ms, application-code: 301ms)
 GET /creativos 200 in 575ms (next.js: 17ms, application-code: 558ms)
 GET /creativos 200 in 582ms (next.js: 12ms, application-code: 571ms)
 GET /creativos 200 in 495ms (next.js: 15ms, application-code: 480ms)
 GET /creativos 200 in 511ms (next.js: 13ms, application-code: 498ms)
 GET /creativos 200 in 511ms (next.js: 78ms, application-code: 434ms)
 GET /creativos 200 in 467ms (next.js: 18ms, application-code: 449ms)
 GET /creativos 200 in 634ms (next.js: 13ms, application-code: 621ms)
 GET /creativos 200 in 525ms (next.js: 9ms, application-code: 516ms)
 GET /creativos 200 in 427ms (next.js: 13ms, application-code: 414ms)
 GET /creativos 200 in 314ms (next.js: 105ms, application-code: 209ms)
 GET /creativos 200 in 320ms (next.js: 15ms, application-code: 305ms)
 GET /creativos 200 in 155ms (next.js: 11ms, application-code: 144ms)
 GET /creativos 200 in 972ms (next.js: 213ms, application-code: 759ms)
 GET /creativos 200 in 676ms (next.js: 8ms, application-code: 668ms)
 GET /creativos 200 in 567ms (next.js: 12ms, application-code: 555ms)
 GET /creativos 200 in 664ms (next.js: 231ms, application-code: 433ms)
 GET /creativos 200 in 667ms (next.js: 80ms, application-code: 588ms)
 GET /creativos 200 in 671ms (next.js: 182ms, application-code: 489ms)
 GET /creativos 200 in 703ms (next.js: 20ms, application-code: 683ms)
 GET /creativos 200 in 473ms (next.js: 11ms, application-code: 461ms)
 GET /creativos 200 in 524ms (next.js: 14ms, application-code: 510ms)
 GET /creativos 200 in 520ms (next.js: 175ms, application-code: 345ms)
 GET /creativos 200 in 523ms (next.js: 129ms, application-code: 394ms)
 GET /creativos 200 in 406ms (next.js: 138ms, application-code: 267ms)
 GET /creativos 200 in 482ms (next.js: 13ms, application-code: 470ms)
 GET /creativos 200 in 472ms (next.js: 12ms, application-code: 461ms)
 GET /creativos 200 in 397ms (next.js: 52ms, application-code: 345ms)
 GET /creativos 200 in 400ms (next.js: 12ms, application-code: 388ms)
 GET /creativos 200 in 492ms (next.js: 146ms, application-code: 346ms)
 GET /creativos 200 in 357ms (next.js: 102ms, application-code: 255ms)
 GET /creativos 200 in 511ms (next.js: 10ms, application-code: 501ms)
 GET /creativos 200 in 526ms (next.js: 15ms, application-code: 511ms)
 GET /creativos 200 in 428ms (next.js: 102ms, application-code: 326ms)
 GET /creativos 200 in 431ms (next.js: 12ms, application-code: 419ms)
 GET /creativos 200 in 366ms (next.js: 16ms, application-code: 350ms)
 GET /creativos 200 in 363ms (next.js: 97ms, application-code: 266ms)
 GET /creativos 200 in 490ms (next.js: 12ms, application-code: 478ms)
 GET /creativos 200 in 471ms (next.js: 18ms, application-code: 454ms)
 GET /creativos 200 in 459ms (next.js: 16ms, application-code: 442ms)
 GET /creativos 200 in 459ms (next.js: 63ms, application-code: 395ms)
 GET /creativos 200 in 458ms (next.js: 192ms, application-code: 266ms)
 GET /creativos 200 in 464ms (next.js: 121ms, application-code: 343ms)
 GET /creativos 200 in 515ms (next.js: 8ms, application-code: 507ms)
 GET /creativos 200 in 534ms (next.js: 12ms, application-code: 523ms)
 GET /creativos 200 in 540ms (next.js: 16ms, application-code: 525ms)
 GET /creativos 200 in 548ms (next.js: 158ms, application-code: 389ms)
 GET /creativos 200 in 551ms (next.js: 106ms, application-code: 445ms)
 GET /creativos 200 in 335ms (next.js: 8ms, application-code: 328ms)
 GET /creativos 200 in 504ms (next.js: 12ms, application-code: 492ms)
 GET /creativos 200 in 501ms (next.js: 13ms, application-code: 488ms)
 GET /creativos 200 in 473ms (next.js: 13ms, application-code: 460ms)
 GET /creativos 200 in 471ms (next.js: 85ms, application-code: 386ms)
 GET /creativos 200 in 477ms (next.js: 49ms, application-code: 428ms)
 GET /creativos 200 in 440ms (next.js: 105ms, application-code: 335ms)
 GET /creativos 200 in 600ms (next.js: 14ms, application-code: 586ms)
 GET /creativos 200 in 606ms (next.js: 12ms, application-code: 595ms)
 GET /creativos 200 in 505ms (next.js: 106ms, application-code: 398ms)
 GET /creativos 200 in 563ms (next.js: 14ms, application-code: 549ms)
 GET /creativos 200 in 382ms (next.js: 11ms, application-code: 371ms)
 GET /creativos 200 in 298ms (next.js: 14ms, application-code: 284ms)
 GET /creativos 200 in 372ms (next.js: 12ms, application-code: 359ms)
 GET /creativos 200 in 363ms (next.js: 15ms, application-code: 348ms)
 GET /creativos 200 in 307ms (next.js: 10ms, application-code: 296ms)
 GET /creativos 200 in 362ms (next.js: 47ms, application-code: 314ms)
 GET /creativos 200 in 364ms (next.js: 4ms, application-code: 360ms)
 GET /creativos 200 in 287ms (next.js: 4ms, application-code: 282ms)
 GET /creativos 200 in 558ms (next.js: 10ms, application-code: 548ms)
 GET /creativos 200 in 547ms (next.js: 12ms, application-code: 535ms)
 GET /creativos 200 in 445ms (next.js: 11ms, application-code: 434ms)
 GET /creativos 200 in 425ms (next.js: 106ms, application-code: 319ms)
 GET /creativos 200 in 425ms (next.js: 24ms, application-code: 401ms)
 GET /creativos 200 in 408ms (next.js: 124ms, application-code: 283ms)
 GET /creativos 200 in 612ms (next.js: 10ms, application-code: 602ms)
 GET /creativos 200 in 642ms (next.js: 11ms, application-code: 630ms)
 GET /creativos 200 in 554ms (next.js: 11ms, application-code: 544ms)
 GET /creativos 200 in 560ms (next.js: 14ms, application-code: 546ms)
 GET /creativos 200 in 561ms (next.js: 112ms, application-code: 449ms)
 GET /creativos 200 in 565ms (next.js: 201ms, application-code: 364ms)
 GET /creativos 200 in 536ms (next.js: 12ms, application-code: 524ms)
 GET /creativos 200 in 532ms (next.js: 9ms, application-code: 522ms)
 GET /creativos 200 in 454ms (next.js: 18ms, application-code: 436ms)
 GET /creativos 200 in 441ms (next.js: 14ms, application-code: 427ms)
 GET /creativos 200 in 440ms (next.js: 99ms, application-code: 342ms)
 GET /creativos 200 in 441ms (next.js: 165ms, application-code: 275ms)
 GET /creativos 200 in 232ms (next.js: 13ms, application-code: 219ms)
 GET /creativos 200 in 97ms (next.js: 9ms, application-code: 88ms)
 GET /creativos 200 in 225ms (next.js: 39ms, application-code: 187ms)
 GET /creativos 200 in 157ms (next.js: 3ms, application-code: 154ms)
 GET /creativos 200 in 182ms (next.js: 33ms, application-code: 150ms)
 GET /creativos 200 in 183ms (next.js: 87ms, application-code: 96ms)
 GET /creativos 200 in 184ms (next.js: 61ms, application-code: 123ms)
 GET /creativos 200 in 185ms (next.js: 4ms, application-code: 181ms)
 GET /creativos 200 in 209ms (next.js: 5ms, application-code: 203ms)
 GET /creativos 200 in 151ms (next.js: 5ms, application-code: 146ms)
 GET /creativos 200 in 150ms (next.js: 4ms, application-code: 146ms)
 GET /creativos 200 in 150ms (next.js: 31ms, application-code: 119ms)
 GET /creativos 200 in 125ms (next.js: 34ms, application-code: 92ms)
 GET /creativos 200 in 125ms (next.js: 59ms, application-code: 66ms)
 GET /creativos 200 in 161ms (next.js: 3ms, application-code: 158ms)
 GET /creativos 200 in 133ms (next.js: 4ms, application-code: 129ms)
 GET /creativos 200 in 105ms (next.js: 26ms, application-code: 79ms)
 GET /creativos 200 in 105ms (next.js: 3ms, application-code: 102ms)
 GET /creativos 200 in 130ms (next.js: 53ms, application-code: 77ms)
 GET /creativos 200 in 80ms (next.js: 26ms, application-code: 55ms)
 GET /creativos 200 in 180ms (next.js: 4ms, application-code: 176ms)
 GET /creativos 200 in 155ms (next.js: 5ms, application-code: 150ms)
 GET /creativos 200 in 125ms (next.js: 37ms, application-code: 88ms)
 GET /creativos 200 in 127ms (next.js: 9ms, application-code: 117ms)
 GET /creativos 200 in 66ms (next.js: 5ms, application-code: 62ms)
 GET /creativos 200 in 66ms (next.js: 31ms, application-code: 35ms)
 GET /creativos 200 in 163ms (next.js: 4ms, application-code: 160ms)
 GET /creativos 200 in 163ms (next.js: 27ms, application-code: 136ms)
 GET /creativos 200 in 114ms (next.js: 3ms, application-code: 110ms)
 GET /creativos 200 in 89ms (next.js: 5ms, application-code: 84ms)
 GET /creativos 200 in 88ms (next.js: 59ms, application-code: 29ms)
 GET /creativos 200 in 89ms (next.js: 28ms, application-code: 61ms)
 GET /creativos 200 in 129ms (next.js: 86ms, application-code: 42ms)
 GET /creativos 200 in 130ms (next.js: 53ms, application-code: 76ms)
 GET /creativos 200 in 130ms (next.js: 71ms, application-code: 58ms)
 GET /creativos 200 in 130ms (next.js: 31ms, application-code: 99ms)
 GET /creativos 200 in 131ms (next.js: 4ms, application-code: 127ms)
 GET /creativos 200 in 32ms (next.js: 4ms, application-code: 28ms)
 GET /creativos 200 in 158ms (next.js: 3ms, application-code: 155ms)
 GET /creativos 200 in 133ms (next.js: 27ms, application-code: 106ms)
 GET /creativos 200 in 133ms (next.js: 78ms, application-code: 55ms)
 GET /creativos 200 in 134ms (next.js: 3ms, application-code: 131ms)
 GET /creativos 200 in 134ms (next.js: 55ms, application-code: 79ms)
 GET /creativos 200 in 134ms (next.js: 103ms, application-code: 31ms)
 GET /creativos 200 in 152ms (next.js: 3ms, application-code: 150ms)
 GET /creativos 200 in 126ms (next.js: 4ms, application-code: 122ms)
 GET /creativos 200 in 125ms (next.js: 47ms, application-code: 78ms)
 GET /creativos 200 in 125ms (next.js: 72ms, application-code: 53ms)
 GET /creativos 200 in 126ms (next.js: 26ms, application-code: 100ms)
 GET /creativos 200 in 125ms (next.js: 97ms, application-code: 29ms)
 GET /creativos 200 in 169ms (next.js: 3ms, application-code: 166ms)
 GET /creativos 200 in 145ms (next.js: 3ms, application-code: 142ms)
 GET /creativos 200 in 139ms (next.js: 4ms, application-code: 135ms)
 GET /creativos 200 in 139ms (next.js: 57ms, application-code: 82ms)
 GET /creativos 200 in 168ms (next.js: 81ms, application-code: 86ms)
 GET /creativos 200 in 169ms (next.js: 30ms, application-code: 138ms)
 GET /creativos 200 in 215ms (next.js: 4ms, application-code: 211ms)
 GET /creativos 200 in 189ms (next.js: 4ms, application-code: 185ms)
 GET /creativos 200 in 208ms (next.js: 6ms, application-code: 202ms)
 GET /creativos 200 in 310ms (next.js: 37ms, application-code: 273ms)
 GET /creativos 200 in 311ms (next.js: 74ms, application-code: 236ms)
 GET /creativos 200 in 280ms (next.js: 81ms, application-code: 198ms)
 GET /creativos 200 in 272ms (next.js: 5ms, application-code: 267ms)
 GET /creativos 200 in 272ms (next.js: 52ms, application-code: 220ms)
 GET /creativos 200 in 172ms (next.js: 6ms, application-code: 165ms)
 GET /creativos 200 in 171ms (next.js: 41ms, application-code: 130ms)
 GET /creativos 200 in 107ms (next.js: 27ms, application-code: 81ms)
 GET /creativos 200 in 108ms (next.js: 4ms, application-code: 104ms)
 GET /creativos 200 in 166ms (next.js: 3ms, application-code: 163ms)
 GET /creativos 200 in 166ms (next.js: 29ms, application-code: 137ms)
 GET /creativos 200 in 117ms (next.js: 3ms, application-code: 115ms)
 GET /creativos 200 in 147ms (next.js: 3ms, application-code: 143ms)
 GET /creativos 200 in 147ms (next.js: 55ms, application-code: 92ms)
 GET /creativos 200 in 148ms (next.js: 29ms, application-code: 119ms)
 GET /creativos 200 in 123ms (next.js: 4ms, application-code: 119ms)
 GET /creativos 200 in 123ms (next.js: 28ms, application-code: 96ms)
 GET /creativos 200 in 68ms (next.js: 3ms, application-code: 65ms)
 GET /creativos 200 in 36ms (next.js: 3ms, application-code: 33ms)
 GET /creativos 200 in 526ms (next.js: 105ms, application-code: 421ms)
 GET /creativos 200 in 384ms (next.js: 8ms, application-code: 375ms)
 GET /creativos 200 in 330ms (next.js: 11ms, application-code: 320ms)
 GET /creativos 200 in 331ms (next.js: 56ms, application-code: 275ms)
 GET /creativos 200 in 332ms (next.js: 182ms, application-code: 150ms)
 GET /creativos 200 in 335ms (next.js: 131ms, application-code: 203ms)
 GET /creativos 200 in 513ms (next.js: 4ms, application-code: 509ms)
 GET /creativos 200 in 520ms (next.js: 14ms, application-code: 506ms)
 GET /creativos 200 in 419ms (next.js: 12ms, application-code: 406ms)
 GET /creativos 200 in 417ms (next.js: 160ms, application-code: 257ms)
 GET /creativos 200 in 416ms (next.js: 215ms, application-code: 201ms)
 GET /creativos 200 in 421ms (next.js: 101ms, application-code: 319ms)
 GET /creativos 200 in 686ms (next.js: 14ms, application-code: 672ms)
 GET /creativos 200 in 904ms (next.js: 14ms, application-code: 890ms)
 GET /creativos 200 in 772ms (next.js: 15ms, application-code: 757ms)
 GET /creativos 200 in 771ms (next.js: 118ms, application-code: 653ms)
 GET /creativos 200 in 771ms (next.js: 206ms, application-code: 565ms)
 GET /creativos 200 in 774ms (next.js: 292ms, application-code: 482ms)
 GET /creativos 200 in 802ms (next.js: 29ms, application-code: 773ms)
 GET /creativos 200 in 583ms (next.js: 106ms, application-code: 477ms)
 GET /creativos 200 in 582ms (next.js: 203ms, application-code: 380ms)
 GET /creativos 200 in 587ms (next.js: 13ms, application-code: 574ms)
 GET /creativos 200 in 302ms (next.js: 80ms, application-code: 222ms)
 GET /creativos 200 in 593ms (next.js: 301ms, application-code: 292ms)
 GET /creativos 200 in 595ms (next.js: 9ms, application-code: 586ms)
 GET /creativos 200 in 596ms (next.js: 12ms, application-code: 583ms)
 GET /creativos 200 in 596ms (next.js: 88ms, application-code: 509ms)
 GET /creativos 200 in 526ms (next.js: 114ms, application-code: 412ms)
 GET /creativos 200 in 329ms (next.js: 13ms, application-code: 316ms)
 GET /creativos 200 in 423ms (next.js: 113ms, application-code: 310ms)
 GET /creativos 200 in 640ms (next.js: 14ms, application-code: 625ms)
 GET /creativos 200 in 638ms (next.js: 14ms, application-code: 623ms)
 GET /creativos 200 in 638ms (next.js: 107ms, application-code: 531ms)
 GET /creativos 200 in 448ms (next.js: 12ms, application-code: 437ms)
 GET /creativos 200 in 450ms (next.js: 102ms, application-code: 348ms)
 GET /creativos 200 in 461ms (next.js: 106ms, application-code: 355ms)
 GET /creativos 200 in 621ms (next.js: 11ms, application-code: 609ms)
 GET /creativos 200 in 632ms (next.js: 12ms, application-code: 620ms)
 GET /creativos 200 in 536ms (next.js: 15ms, application-code: 520ms)
 GET /creativos 200 in 537ms (next.js: 95ms, application-code: 442ms)
 GET /creativos 200 in 458ms (next.js: 108ms, application-code: 350ms)
 GET /creativos 200 in 465ms (next.js: 16ms, application-code: 449ms)
 GET /creativos 200 in 607ms (next.js: 7ms, application-code: 600ms)
 GET /creativos 200 in 577ms (next.js: 12ms, application-code: 565ms)
 GET /creativos 200 in 473ms (next.js: 13ms, application-code: 460ms)
 GET /creativos 200 in 473ms (next.js: 102ms, application-code: 371ms)
 GET /creativos 200 in 570ms (next.js: 94ms, application-code: 476ms)
 GET /creativos 200 in 594ms (next.js: 10ms, application-code: 583ms)
 GET /creativos 200 in 627ms (next.js: 10ms, application-code: 616ms)
 GET /creativos 200 in 629ms (next.js: 10ms, application-code: 619ms)
 GET /creativos 200 in 523ms (next.js: 10ms, application-code: 513ms)
 GET /creativos 200 in 521ms (next.js: 83ms, application-code: 438ms)
 GET /creativos 200 in 425ms (next.js: 9ms, application-code: 416ms)
 GET /creativos 200 in 603ms (next.js: 114ms, application-code: 488ms)
 GET /creativos 200 in 609ms (next.js: 11ms, application-code: 598ms)
 GET /creativos 200 in 611ms (next.js: 13ms, application-code: 598ms)
 GET /creativos 200 in 517ms (next.js: 13ms, application-code: 504ms)
 GET /creativos 200 in 517ms (next.js: 102ms, application-code: 415ms)
 GET /creativos 200 in 611ms (next.js: 11ms, application-code: 599ms)
 GET /creativos 200 in 505ms (next.js: 13ms, application-code: 492ms)
 GET /creativos 200 in 588ms (next.js: 12ms, application-code: 576ms)
 GET /creativos 200 in 600ms (next.js: 96ms, application-code: 504ms)
 GET /creativos 200 in 603ms (next.js: 12ms, application-code: 591ms)
 GET /creativos 200 in 439ms (next.js: 13ms, application-code: 426ms)
 GET /creativos 200 in 469ms (next.js: 12ms, application-code: 457ms)
 GET /creativos 200 in 481ms (next.js: 11ms, application-code: 471ms)
 GET /creativos 200 in 588ms (next.js: 11ms, application-code: 578ms)
 GET /creativos 200 in 563ms (next.js: 12ms, application-code: 550ms)
 GET /creativos 200 in 563ms (next.js: 65ms, application-code: 498ms)
 GET /creativos 200 in 439ms (next.js: 13ms, application-code: 426ms)
 GET /creativos 200 in 471ms (next.js: 12ms, application-code: 459ms)
 GET /creativos 200 in 478ms (next.js: 14ms, application-code: 465ms)
 GET /creativos 200 in 542ms (next.js: 13ms, application-code: 530ms)
 GET /creativos 200 in 427ms (next.js: 15ms, application-code: 413ms)
 GET /creativos 200 in 429ms (next.js: 72ms, application-code: 357ms)
 GET /creativos 200 in 314ms (next.js: 7ms, application-code: 307ms)
 GET /creativos 200 in 218ms (next.js: 16ms, application-code: 202ms)
 GET /creativos 200 in 118ms (next.js: 8ms, application-code: 110ms)
✓ Compiled in 284ms
✓ Compiled in 750ms
 GET /creativos 200 in 938ms (next.js: 127ms, application-code: 811ms)
 GET /creativos 200 in 679ms (next.js: 16ms, application-code: 663ms)
 GET /creativos 200 in 557ms (next.js: 12ms, application-code: 546ms)
 GET /creativos 200 in 557ms (next.js: 95ms, application-code: 463ms)
 GET /creativos 200 in 558ms (next.js: 145ms, application-code: 412ms)
 GET /creativos 200 in 496ms (next.js: 10ms, application-code: 486ms)
 GET /creativos 200 in 602ms (next.js: 10ms, application-code: 592ms)
 GET /creativos 200 in 501ms (next.js: 11ms, application-code: 490ms)
 GET /creativos 200 in 604ms (next.js: 12ms, application-code: 592ms)
 GET /creativos 200 in 605ms (next.js: 115ms, application-code: 490ms)
 GET /creativos 200 in 607ms (next.js: 175ms, application-code: 432ms)
 GET /creativos 200 in 328ms (next.js: 14ms, application-code: 313ms)
 GET /creativos 200 in 638ms (next.js: 14ms, application-code: 624ms)
 GET /creativos 200 in 535ms (next.js: 8ms, application-code: 527ms)
 GET /creativos 200 in 626ms (next.js: 103ms, application-code: 523ms)
 GET /creativos 200 in 629ms (next.js: 10ms, application-code: 619ms)
 GET /creativos 200 in 430ms (next.js: 14ms, application-code: 416ms)
 GET /creativos 200 in 341ms (next.js: 11ms, application-code: 330ms)
 GET /creativos 200 in 655ms (next.js: 17ms, application-code: 638ms)
 GET /creativos 200 in 657ms (next.js: 110ms, application-code: 547ms)
 GET /creativos 200 in 613ms (next.js: 11ms, application-code: 602ms)
 GET /creativos 200 in 612ms (next.js: 90ms, application-code: 522ms)
 GET /creativos 200 in 444ms (next.js: 10ms, application-code: 434ms)
 GET /creativos 200 in 342ms (next.js: 14ms, application-code: 328ms)
 GET /creativos 200 in 624ms (next.js: 17ms, application-code: 606ms)
 GET /creativos 200 in 629ms (next.js: 120ms, application-code: 509ms)
 GET /creativos 200 in 689ms (next.js: 5ms, application-code: 683ms)
 GET /creativos 200 in 640ms (next.js: 10ms, application-code: 630ms)
 GET /creativos 200 in 641ms (next.js: 54ms, application-code: 586ms)
 GET /creativos 200 in 503ms (next.js: 13ms, application-code: 491ms)
 GET /creativos 200 in 552ms (next.js: 37ms, application-code: 515ms)
 GET /creativos 200 in 436ms (next.js: 13ms, application-code: 423ms)
 GET /creativos 200 in 478ms (next.js: 13ms, application-code: 465ms)
 GET /creativos 200 in 362ms (next.js: 73ms, application-code: 290ms)
 GET /creativos 200 in 367ms (next.js: 30ms, application-code: 337ms)
 GET /creativos 200 in 259ms (next.js: 9ms, application-code: 250ms)
 GET /creativos 200 in 451ms (next.js: 9ms, application-code: 442ms)
 GET /creativos 200 in 361ms (next.js: 9ms, application-code: 353ms)
 GET /creativos 200 in 523ms (next.js: 128ms, application-code: 394ms)
 GET /creativos 200 in 528ms (next.js: 14ms, application-code: 515ms)
 GET /creativos 200 in 364ms (next.js: 5ms, application-code: 359ms)
 GET /creativos 200 in 568ms (next.js: 45ms, application-code: 523ms)
 GET /creativos 200 in 664ms (next.js: 16ms, application-code: 648ms)
 GET /creativos 200 in 545ms (next.js: 9ms, application-code: 536ms)
 GET /creativos 200 in 682ms (next.js: 17ms, application-code: 665ms)
 GET /creativos 200 in 682ms (next.js: 128ms, application-code: 554ms)
 GET /creativos 200 in 476ms (next.js: 14ms, application-code: 462ms)
 GET /creativos 200 in 376ms (next.js: 12ms, application-code: 364ms)
✓ Compiled in 0ms
 GET /creativos 200 in 1237ms (next.js: 12ms, application-code: 1224ms)
 GET /creativos 200 in 1233ms (next.js: 13ms, application-code: 1220ms)
 GET /creativos 200 in 1240ms (next.js: 16ms, application-code: 1224ms)
 GET /creativos 200 in 1239ms (next.js: 199ms, application-code: 1041ms)
 GET /creativos 200 in 953ms (next.js: 472ms, application-code: 481ms)
 GET /creativos 200 in 706ms (next.js: 330ms, application-code: 376ms)
 GET /creativos 200 in 692ms (next.js: 17ms, application-code: 675ms)
 GET /creativos 200 in 666ms (next.js: 10ms, application-code: 656ms)
 GET /creativos 200 in 645ms (next.js: 14ms, application-code: 631ms)
 GET /creativos 200 in 661ms (next.js: 114ms, application-code: 547ms)
 GET /creativos 200 in 660ms (next.js: 209ms, application-code: 451ms)
 GET /creativos 200 in 457ms (next.js: 11ms, application-code: 446ms)
 GET /creativos 200 in 646ms (next.js: 11ms, application-code: 635ms)
 GET /creativos 200 in 645ms (next.js: 13ms, application-code: 632ms)
 GET /creativos 200 in 531ms (next.js: 12ms, application-code: 520ms)
 GET /creativos 200 in 530ms (next.js: 121ms, application-code: 409ms)
 GET /creativos 200 in 527ms (next.js: 108ms, application-code: 419ms)
 GET /creativos 200 in 560ms (next.js: 10ms, application-code: 550ms)
 GET /creativos 200 in 674ms (next.js: 11ms, application-code: 663ms)
 GET /creativos 200 in 669ms (next.js: 17ms, application-code: 652ms)
 GET /creativos 200 in 562ms (next.js: 119ms, application-code: 443ms)
 GET /creativos 200 in 567ms (next.js: 9ms, application-code: 558ms)
 GET /creativos 200 in 465ms (next.js: 31ms, application-code: 434ms)
 GET /creativos 200 in 418ms (next.js: 10ms, application-code: 408ms)
 GET /creativos 200 in 492ms (next.js: 12ms, application-code: 479ms)
 GET /creativos 200 in 493ms (next.js: 13ms, application-code: 481ms)
 GET /creativos 200 in 392ms (next.js: 12ms, application-code: 379ms)
 GET /creativos 200 in 389ms (next.js: 56ms, application-code: 333ms)
 GET /creativos 200 in 386ms (next.js: 5ms, application-code: 380ms)
 GET /creativos 200 in 426ms (next.js: 28ms, application-code: 398ms)
 GET /creativos 200 in 300ms (next.js: 8ms, application-code: 292ms)
 GET /creativos 200 in 196ms (next.js: 8ms, application-code: 188ms)
 GET /creativos 200 in 106ms (next.js: 7ms, application-code: 99ms)
✓ Compiled in 170ms
 GET /creativos 200 in 135ms (next.js: 86ms, application-code: 49ms)
✓ Compiled in 537ms
✓ Compiled in 0ms
 GET /creativos 200 in 307ms (next.js: 197ms, application-code: 110ms)
 GET /creativos 200 in 1280ms (next.js: 118ms, application-code: 1162ms)
 GET /creativos 200 in 1321ms (next.js: 269ms, application-code: 1052ms)
 GET /api/creativos/jobs 200 in 182ms (next.js: 131ms, application-code: 51ms)
 GET /videos 200 in 644ms (next.js: 546ms, application-code: 98ms)
 GET /api/videos/products 200 in 92ms (next.js: 85ms, application-code: 7ms)
 GET /api/videos/products 200 in 17ms (next.js: 5ms, application-code: 12ms)
 GET /videos 200 in 65ms (next.js: 10ms, application-code: 55ms)
 GET /api/videos/products 200 in 19ms (next.js: 7ms, application-code: 12ms)
 GET /api/videos/products 200 in 18ms (next.js: 6ms, application-code: 13ms)
 GET /api/videos/library 200 in 344ms (next.js: 326ms, application-code: 17ms)
 GET /api/videos/library 200 in 9ms (next.js: 5ms, application-code: 4ms)
 GET /imagenes 200 in 204ms (next.js: 111ms, application-code: 93ms)
 GET /creativos 200 in 112ms (next.js: 11ms, application-code: 101ms)
 GET /api/creativos/jobs 200 in 21ms (next.js: 9ms, application-code: 13ms)
 GET /api/creativos/jobs 200 in 16ms (next.js: 5ms, application-code: 11ms)
 GET /videos 200 in 985ms (next.js: 68ms, application-code: 918ms)
 GET /videos 200 in 810ms (next.js: 14ms, application-code: 796ms)
 GET /videos 200 in 637ms (next.js: 15ms, application-code: 623ms)
 GET /creativos 200 in 1091ms (next.js: 155ms, application-code: 936ms)
 GET /videos 200 in 253ms (next.js: 9ms, application-code: 244ms)
 GET /creativos 200 in 842ms (next.js: 84ms, application-code: 759ms)
 GET /videos 200 in 190ms (next.js: 13ms, application-code: 177ms)
 GET /creativos 200 in 662ms (next.js: 185ms, application-code: 477ms)
 GET /creativos 200 in 667ms (next.js: 225ms, application-code: 442ms)
 GET /creativos 200 in 671ms (next.js: 86ms, application-code: 585ms)
 GET /videos 200 in 129ms (next.js: 12ms, application-code: 117ms)
 GET /creativos 200 in 605ms (next.js: 220ms, application-code: 386ms)
 GET /creativos 200 in 511ms (next.js: 9ms, application-code: 503ms)
 GET /api/creativos/jobs 200 in 123ms (next.js: 99ms, application-code: 24ms)
⨯ ./node_modules/@ffprobe-installer/win32-x64/README.md
Unknown module type
This module doesn't have an associated type. Use a known file extension, or register a loader for it.

Read more: https://nextjs.org/docs/app/api-reference/next-config-js/turbo#webpack-loaders



./node_modules/@ffprobe-installer/win32-x64/ffprobe.exe
Unknown module type
This module doesn't have an associated type. Use a known file extension, or register a loader for it.

Read more: https://nextjs.org/docs/app/api-reference/next-config-js/turbo#webpack-loaders


 POST /api/creativos/upload 500 in 891ms (next.js: 477ms, application-code: 414ms)
[browser] ./node_modules/@ffprobe-installer/win32-x64/README.md
Unknown module type
This module doesn't have an associated type. Use a known file extension, or register a loader for it.

Read more: https://nextjs.org/docs/app/api-reference/next-config-js/turbo#webpack-loaders 
[browser] ./node_modules/@ffprobe-installer/win32-x64/ffprobe.exe
Unknown module type
This module doesn't have an associated type. Use a known file extension, or register a loader for it.

Read more: https://nextjs.org/docs/app/api-reference/next-config-js/turbo#webpack-loaders 
[browser] ./node_modules/@ffprobe-installer/win32-x64/README.md
Unknown module type
This module doesn't have an associated type. Use a known file extension, or register a loader for it.

Read more: https://nextjs.org/docs/app/api-reference/next-config-js/turbo#webpack-loaders 
[browser] ./node_modules/@ffprobe-installer/win32-x64/ffprobe.exe
Unknown module type
This module doesn't have an associated type. Use a known file extension, or register a loader for it.

Read more: https://nextjs.org/docs/app/api-reference/next-config-js/turbo#webpack-loaders 
[browser] ./node_modules/@ffprobe-installer/win32-x64/README.md
Unknown module type
This module doesn't have an associated type. Use a known file extension, or register a loader for it.

Read more: https://nextjs.org/docs/app/api-reference/next-config-js/turbo#webpack-loaders 
[browser] ./node_modules/@ffprobe-installer/win32-x64/ffprobe.exe
Unknown module type
This module doesn't have an associated type. Use a known file extension, or register a loader for it.

Read more: https://nextjs.org/docs/app/api-reference/next-config-js/turbo#webpack-loaders 
